Archive member included to satisfy reference by file (symbol)

/usr/lib/gcc/arm-none-eabi/12.2.1/thumb/v6-m/nofp/libgcc.a(_dvmd_tls.o)
                              CMakeFiles/motor.dir/home/kurt/pico/pico-sdk/src/rp2_common/pico_divider/divider.S.obj (__aeabi_idiv0)
/usr/lib/gcc/arm-none-eabi/12.2.1/../../../arm-none-eabi/lib/thumb/v6-m/nofp/libc.a(lib_a-atexit.o)
                              /usr/lib/gcc/arm-none-eabi/12.2.1/../../../arm-none-eabi/lib/thumb/v6-m/nofp/crt0.o (atexit)
/usr/lib/gcc/arm-none-eabi/12.2.1/../../../arm-none-eabi/lib/thumb/v6-m/nofp/libc.a(lib_a-calloc.o)
                              CMakeFiles/motor.dir/home/kurt/pico/pico-sdk/src/rp2_common/pico_malloc/pico_malloc.c.obj (calloc)
/usr/lib/gcc/arm-none-eabi/12.2.1/../../../arm-none-eabi/lib/thumb/v6-m/nofp/libc.a(lib_a-callocr.o)
                              /usr/lib/gcc/arm-none-eabi/12.2.1/../../../arm-none-eabi/lib/thumb/v6-m/nofp/libc.a(lib_a-calloc.o) (_calloc_r)
/usr/lib/gcc/arm-none-eabi/12.2.1/../../../arm-none-eabi/lib/thumb/v6-m/nofp/libc.a(lib_a-fini.o)
                              /usr/lib/gcc/arm-none-eabi/12.2.1/../../../arm-none-eabi/lib/thumb/v6-m/nofp/crt0.o (__libc_fini_array)
/usr/lib/gcc/arm-none-eabi/12.2.1/../../../arm-none-eabi/lib/thumb/v6-m/nofp/libc.a(lib_a-impure.o)
                              /usr/lib/gcc/arm-none-eabi/12.2.1/../../../arm-none-eabi/lib/thumb/v6-m/nofp/libc.a(lib_a-calloc.o) (_impure_ptr)
/usr/lib/gcc/arm-none-eabi/12.2.1/../../../arm-none-eabi/lib/thumb/v6-m/nofp/libc.a(lib_a-init.o)
                              /usr/lib/gcc/arm-none-eabi/12.2.1/../../../arm-none-eabi/lib/thumb/v6-m/nofp/crt0.o (__libc_init_array)
/usr/lib/gcc/arm-none-eabi/12.2.1/../../../arm-none-eabi/lib/thumb/v6-m/nofp/libc.a(lib_a-malloc.o)
                              CMakeFiles/motor.dir/home/kurt/pico/pico-sdk/src/rp2_common/pico_malloc/pico_malloc.c.obj (malloc)
/usr/lib/gcc/arm-none-eabi/12.2.1/../../../arm-none-eabi/lib/thumb/v6-m/nofp/libc.a(lib_a-mallocr.o)
                              /usr/lib/gcc/arm-none-eabi/12.2.1/../../../arm-none-eabi/lib/thumb/v6-m/nofp/libc.a(lib_a-callocr.o) (_malloc_r)
/usr/lib/gcc/arm-none-eabi/12.2.1/../../../arm-none-eabi/lib/thumb/v6-m/nofp/libc.a(lib_a-mlock.o)
                              /usr/lib/gcc/arm-none-eabi/12.2.1/../../../arm-none-eabi/lib/thumb/v6-m/nofp/libc.a(lib_a-mallocr.o) (__malloc_lock)
/usr/lib/gcc/arm-none-eabi/12.2.1/../../../arm-none-eabi/lib/thumb/v6-m/nofp/libc.a(lib_a-realloc.o)
                              CMakeFiles/motor.dir/home/kurt/pico/pico-sdk/src/rp2_common/pico_malloc/pico_malloc.c.obj (realloc)
/usr/lib/gcc/arm-none-eabi/12.2.1/../../../arm-none-eabi/lib/thumb/v6-m/nofp/libc.a(lib_a-reallocr.o)
                              /usr/lib/gcc/arm-none-eabi/12.2.1/../../../arm-none-eabi/lib/thumb/v6-m/nofp/libc.a(lib_a-realloc.o) (_realloc_r)
/usr/lib/gcc/arm-none-eabi/12.2.1/../../../arm-none-eabi/lib/thumb/v6-m/nofp/libc.a(lib_a-sbrkr.o)
                              /usr/lib/gcc/arm-none-eabi/12.2.1/../../../arm-none-eabi/lib/thumb/v6-m/nofp/libc.a(lib_a-mallocr.o) (_sbrk_r)
/usr/lib/gcc/arm-none-eabi/12.2.1/../../../arm-none-eabi/lib/thumb/v6-m/nofp/libc.a(lib_a-strlen-stub.o)
                              CMakeFiles/motor.dir/home/kurt/pico/pico-sdk/src/rp2_common/pico_stdio/stdio.c.obj (strlen)
/usr/lib/gcc/arm-none-eabi/12.2.1/../../../arm-none-eabi/lib/thumb/v6-m/nofp/libc.a(lib_a-__atexit.o)
                              /usr/lib/gcc/arm-none-eabi/12.2.1/../../../arm-none-eabi/lib/thumb/v6-m/nofp/libc.a(lib_a-atexit.o) (__register_exitproc)
/usr/lib/gcc/arm-none-eabi/12.2.1/../../../arm-none-eabi/lib/thumb/v6-m/nofp/libc.a(lib_a-freer.o)
                              /usr/lib/gcc/arm-none-eabi/12.2.1/../../../arm-none-eabi/lib/thumb/v6-m/nofp/libc.a(lib_a-malloc.o) (_free_r)
/usr/lib/gcc/arm-none-eabi/12.2.1/../../../arm-none-eabi/lib/thumb/v6-m/nofp/libc.a(lib_a-memmove.o)
                              /usr/lib/gcc/arm-none-eabi/12.2.1/../../../arm-none-eabi/lib/thumb/v6-m/nofp/libc.a(lib_a-reallocr.o) (memmove)
/usr/lib/gcc/arm-none-eabi/12.2.1/../../../arm-none-eabi/lib/thumb/v6-m/nofp/libc.a(lib_a-reent.o)
                              /usr/lib/gcc/arm-none-eabi/12.2.1/../../../arm-none-eabi/lib/thumb/v6-m/nofp/libc.a(lib_a-sbrkr.o) (errno)

Discarded input sections

 .text          0x00000000        0x0 /usr/lib/gcc/arm-none-eabi/12.2.1/thumb/v6-m/nofp/crti.o
 .data          0x00000000        0x0 /usr/lib/gcc/arm-none-eabi/12.2.1/thumb/v6-m/nofp/crti.o
 .bss           0x00000000        0x0 /usr/lib/gcc/arm-none-eabi/12.2.1/thumb/v6-m/nofp/crti.o
 .data          0x00000000        0x4 /usr/lib/gcc/arm-none-eabi/12.2.1/thumb/v6-m/nofp/crtbegin.o
 .rodata        0x00000000       0x24 /usr/lib/gcc/arm-none-eabi/12.2.1/thumb/v6-m/nofp/crtbegin.o
 .fini_array    0x00000000        0x4 /usr/lib/gcc/arm-none-eabi/12.2.1/thumb/v6-m/nofp/crtbegin.o
[...]
Memory Configuration

Name             Origin             Length             Attributes
FLASH            0x10000000         0x00200000         xr
RAM              0x20000000         0x00040000         xrw
SCRATCH_X        0x20040000         0x00001000         xrw
SCRATCH_Y        0x20041000         0x00001000         xrw
*default*        0x00000000         0xffffffff

Linker script and memory map

LOAD /usr/lib/gcc/arm-none-eabi/12.2.1/thumb/v6-m/nofp/crti.o
LOAD /usr/lib/gcc/arm-none-eabi/12.2.1/thumb/v6-m/nofp/crtbegin.o
LOAD /usr/lib/gcc/arm-none-eabi/12.2.1/../../../arm-none-eabi/lib/thumb/v6-m/nofp/crt0.o

.flash_begin    0x10000000        0x0
                0x10000000                        __flash_binary_start = .

.boot2          0x10000000      0x100
                0x10000000                        __boot2_start__ = .
 *(.boot2)
 .boot2         0x10000000      0x100 /tmp/ccGguM6X.o
                0x10000100                        __boot2_end__ = .
                0x00000001                        ASSERT (((__boot2_end__ - __boot2_start__) == 0x100), ERROR: Pico second stage bootloader must be 256 bytes in size)

.text           0x10000100     0x4a48
                0x10000100                        __logical_binary_start = .
 *(.vectors)
 .vectors       0x10000100       0xd4 CMakeFiles/motor.dir/home/kurt/pico/pico-sdk/src/rp2_common/pico_standard_link/crt0.S.obj
                0x10000100                __vectors
                0x10000100                __VECTOR_TABLE
                0x100001c0                isr_invalid
                0x100001c0                __default_isrs_start
                0x100001c2                isr_nmi
                0x100001c4                isr_hardfault
                0x100001c6                isr_svcall
                0x100001c8                isr_pendsv
                0x100001ca                isr_systick
                0x100001cc                isr_irq30
                0x100001cc                __unhandled_user_irq
                0x100001cc                isr_irq13
                0x100001cc                isr_irq27
                0x100001cc                isr_irq31
                0x100001cc                isr_irq5
                0x100001cc                isr_irq11
                0x100001cc                isr_irq23
                0x100001cc                isr_irq18
                0x100001cc                isr_irq28
                0x100001cc                isr_irq19
                0x100001cc                isr_irq0
                0x100001cc                isr_irq6
                0x100001cc                isr_irq22
                0x100001cc                isr_irq17
                0x100001cc                isr_irq14
                0x100001cc                isr_irq2
                0x100001cc                isr_irq10
                0x100001cc                isr_irq8
                0x100001cc                isr_irq24
                0x100001cc                isr_irq1
                0x100001cc                isr_irq7
                0x100001cc                isr_irq21
                0x100001cc                isr_irq20
                0x100001cc                isr_irq15
                0x100001cc                isr_irq25
                0x100001cc                isr_irq4
                0x100001cc                isr_irq16
                0x100001cc                isr_irq29
                0x100001cc                isr_irq26
                0x100001cc                __default_isrs_end
                0x100001cc                isr_irq3
                0x100001cc                isr_irq12
                0x100001cc                isr_irq9
                0x100001d2                unhandled_user_irq_num_in_r0
 *(.binary_info_header)
 .binary_info_header
                0x100001d4       0x14 CMakeFiles/motor.dir/home/kurt/pico/pico-sdk/src/rp2_common/pico_standard_link/crt0.S.obj
                0x100001e8                        __binary_info_header_end = .
 *(.reset)
 .reset         0x100001e8       0xa0 CMakeFiles/motor.dir/home/kurt/pico/pico-sdk/src/rp2_common/pico_standard_link/crt0.S.obj
                0x100001e8                _entry_point
 .reset         0x10000288       0x30 CMakeFiles/motor.dir/home/kurt/pico/pico-sdk/src/rp2_common/pico_standard_link/binary_info.c.obj
 *(.init)
 .init          0x100002b8        0x4 /usr/lib/gcc/arm-none-eabi/12.2.1/thumb/v6-m/nofp/crti.o
                0x100002b8                _init
 *(EXCLUDE_FILE(*libm.a: *libc.a:*lib_a-mem*.o *libgcc.a:) .text*)
 .text          0x100002bc       0x98 /usr/lib/gcc/arm-none-eabi/12.2.1/thumb/v6-m/nofp/crtbegin.o
 .text.startup.main
                0x10000354       0x8c CMakeFiles/motor.dir/motor.c.obj
                0x10000354                main
 .text.gpio_set_function
                0x100003e0       0x30 CMakeFiles/motor.dir/home/kurt/pico/pico-sdk/src/rp2_common/hardware_gpio/gpio.c.obj
                0x100003e0                gpio_set_function
 .text.gpio_init
                0x10000410       0x3c CMakeFiles/motor.dir/home/kurt/pico/pico-sdk/src/rp2_common/hardware_gpio/gpio.c.obj
                0x10000410                gpio_init
 .text.running_on_fpga
                0x1000044c       0x10 CMakeFiles/motor.dir/home/kurt/pico/pico-sdk/src/rp2_common/pico_platform/platform.c.obj
                0x1000044c                running_on_fpga
 .text.hw_claim_or_assert
                0x1000045c       0x44 CMakeFiles/motor.dir/home/kurt/pico/pico-sdk/src/rp2_common/hardware_claim/claim.c.obj
                0x1000045c                hw_claim_or_assert
 .text.hw_claim_unused_from_range
                0x100004a0       0x9c CMakeFiles/motor.dir/home/kurt/pico/pico-sdk/src/rp2_common/hardware_claim/claim.c.obj
                0x100004a0                hw_claim_unused_from_range
 .text.spin_locks_reset
                0x1000053c       0x1c CMakeFiles/motor.dir/home/kurt/pico/pico-sdk/src/rp2_common/hardware_sync/sync.c.obj
                0x1000053c                spin_locks_reset
 .text.next_striped_spin_lock_num
                0x10000558       0x18 CMakeFiles/motor.dir/home/kurt/pico/pico-sdk/src/rp2_common/hardware_sync/sync.c.obj
                0x10000558                next_striped_spin_lock_num
 .text.spin_lock_claim_unused
                0x10000570       0x24 CMakeFiles/motor.dir/home/kurt/pico/pico-sdk/src/rp2_common/hardware_sync/sync.c.obj
                0x10000570                spin_lock_claim_unused
 .text.irq_set_enabled
                0x10000594       0x24 CMakeFiles/motor.dir/home/kurt/pico/pico-sdk/src/rp2_common/hardware_irq/irq.c.obj
                0x10000594                irq_set_enabled
 .text.irq_set_pending
                0x100005b8       0x10 CMakeFiles/motor.dir/home/kurt/pico/pico-sdk/src/rp2_common/hardware_irq/irq.c.obj
                0x100005b8                irq_set_pending
 .text.irq_has_shared_handler
                0x100005c8       0x2c CMakeFiles/motor.dir/home/kurt/pico/pico-sdk/src/rp2_common/hardware_irq/irq.c.obj
                0x100005c8                irq_has_shared_handler
 .text.irq_get_vtable_handler
                0x100005f4       0x10 CMakeFiles/motor.dir/home/kurt/pico/pico-sdk/src/rp2_common/hardware_irq/irq.c.obj
                0x100005f4                irq_get_vtable_handler
 .text.irq_set_exclusive_handler
                0x10000604       0x54 CMakeFiles/motor.dir/home/kurt/pico/pico-sdk/src/rp2_common/hardware_irq/irq.c.obj
                0x10000604                irq_set_exclusive_handler
 .text.irq_add_shared_handler
                0x10000658      0x1f4 CMakeFiles/motor.dir/home/kurt/pico/pico-sdk/src/rp2_common/hardware_irq/irq.c.obj
                0x10000658                irq_add_shared_handler
 .text.irq_remove_handler
                0x1000084c      0x1c4 CMakeFiles/motor.dir/home/kurt/pico/pico-sdk/src/rp2_common/hardware_irq/irq.c.obj
                0x1000084c                irq_remove_handler
 .text.irq_add_tail_to_free_list
                0x10000a10       0xb4 CMakeFiles/motor.dir/home/kurt/pico/pico-sdk/src/rp2_common/hardware_irq/irq.c.obj
                0x10000a10                irq_add_tail_to_free_list
 .text.irq_init_priorities
                0x10000ac4       0x24 CMakeFiles/motor.dir/home/kurt/pico/pico-sdk/src/rp2_common/hardware_irq/irq.c.obj
                0x10000ac4                irq_init_priorities
 .text.user_irq_claim_unused
                0x10000ae8       0x2c CMakeFiles/motor.dir/home/kurt/pico/pico-sdk/src/rp2_common/hardware_irq/irq.c.obj
                0x10000ae8                user_irq_claim_unused
 .text.lock_init
                0x10000b14       0x10 CMakeFiles/motor.dir/home/kurt/pico/pico-sdk/src/common/pico_sync/lock_core.c.obj
                0x10000b14                lock_init
 .text.mutex_init
                0x10000b24       0x1c CMakeFiles/motor.dir/home/kurt/pico/pico-sdk/src/common/pico_sync/mutex.c.obj
                0x10000b24                mutex_init
 .text.recursive_mutex_init
                0x10000b40       0x1c CMakeFiles/motor.dir/home/kurt/pico/pico-sdk/src/common/pico_sync/mutex.c.obj
                0x10000b40                recursive_mutex_init
 .text.critical_section_init
                0x10000b5c       0x1c CMakeFiles/motor.dir/home/kurt/pico/pico-sdk/src/common/pico_sync/critical_section.c.obj
                0x10000b5c                critical_section_init
 .text.critical_section_init_with_lock_num
                0x10000b78       0x14 CMakeFiles/motor.dir/home/kurt/pico/pico-sdk/src/common/pico_sync/critical_section.c.obj
                0x10000b78                critical_section_init_with_lock_num
 .text.timer_pool_entry_comparator
                0x10000b8c       0x34 CMakeFiles/motor.dir/home/kurt/pico/pico-sdk/src/common/pico_time/time.c.obj
                0x10000b8c                timer_pool_entry_comparator
 .text.sleep_until_callback
                0x10000bc0       0x30 CMakeFiles/motor.dir/home/kurt/pico/pico-sdk/src/common/pico_time/time.c.obj
 .text.add_alarm_under_lock.isra.0
                0x10000bf0      0x100 CMakeFiles/motor.dir/home/kurt/pico/pico-sdk/src/common/pico_time/time.c.obj
 .text.alarm_pool_alarm_callback
                0x10000cf0      0x1c0 CMakeFiles/motor.dir/home/kurt/pico/pico-sdk/src/common/pico_time/time.c.obj
 .text.alarm_pool_init_default
                0x10000eb0       0x6c CMakeFiles/motor.dir/home/kurt/pico/pico-sdk/src/common/pico_time/time.c.obj
                0x10000eb0                alarm_pool_init_default
 .text.alarm_pool_get_default
                0x10000f1c        0x8 CMakeFiles/motor.dir/home/kurt/pico/pico-sdk/src/common/pico_time/time.c.obj
                0x10000f1c                alarm_pool_get_default
 .text.alarm_pool_add_alarm_at
                0x10000f24      0x188 CMakeFiles/motor.dir/home/kurt/pico/pico-sdk/src/common/pico_time/time.c.obj
                0x10000f24                alarm_pool_add_alarm_at
 .text.alarm_pool_core_num
                0x100010ac        0x4 CMakeFiles/motor.dir/home/kurt/pico/pico-sdk/src/common/pico_time/time.c.obj
                0x100010ac                alarm_pool_core_num
 .text.sleep_until
                0x100010b0       0xc4 CMakeFiles/motor.dir/home/kurt/pico/pico-sdk/src/common/pico_time/time.c.obj
                0x100010b0                sleep_until
 .text.sleep_ms
                0x10001174       0x38 CMakeFiles/motor.dir/home/kurt/pico/pico-sdk/src/common/pico_time/time.c.obj
                0x10001174                sleep_ms
 .text.best_effort_wfe_or_timeout
                0x100011ac       0xec CMakeFiles/motor.dir/home/kurt/pico/pico-sdk/src/common/pico_time/time.c.obj
                0x100011ac                best_effort_wfe_or_timeout
 .text.hardware_alarm_irq_handler
                0x10001298       0xbc CMakeFiles/motor.dir/home/kurt/pico/pico-sdk/src/rp2_common/hardware_timer/timer.c.obj
 .text.hardware_alarm_claim
                0x10001354       0x18 CMakeFiles/motor.dir/home/kurt/pico/pico-sdk/src/rp2_common/hardware_timer/timer.c.obj
                0x10001354                hardware_alarm_claim
 .text.time_us_64
                0x1000136c       0x14 CMakeFiles/motor.dir/home/kurt/pico/pico-sdk/src/rp2_common/hardware_timer/timer.c.obj
                0x1000136c                time_us_64
 .text.busy_wait_us
                0x10001380       0x68 CMakeFiles/motor.dir/home/kurt/pico/pico-sdk/src/rp2_common/hardware_timer/timer.c.obj
                0x10001380                busy_wait_us
 .text.busy_wait_until
                0x100013e8       0x20 CMakeFiles/motor.dir/home/kurt/pico/pico-sdk/src/rp2_common/hardware_timer/timer.c.obj
                0x100013e8                busy_wait_until
 .text.hardware_alarm_set_callback
                0x10001408       0x8c CMakeFiles/motor.dir/home/kurt/pico/pico-sdk/src/rp2_common/hardware_timer/timer.c.obj
                0x10001408                hardware_alarm_set_callback
 .text.hardware_alarm_set_target
                0x10001494       0xd0 CMakeFiles/motor.dir/home/kurt/pico/pico-sdk/src/rp2_common/hardware_timer/timer.c.obj
                0x10001494                hardware_alarm_set_target
 .text.hardware_alarm_cancel
                0x10001564       0x3c CMakeFiles/motor.dir/home/kurt/pico/pico-sdk/src/rp2_common/hardware_timer/timer.c.obj
                0x10001564                hardware_alarm_cancel
 .text.ph_merge_nodes
                0x100015a0       0x64 CMakeFiles/motor.dir/home/kurt/pico/pico-sdk/src/common/pico_util/pheap.c.obj
 .text.ph_post_alloc_init
                0x10001604       0x3c CMakeFiles/motor.dir/home/kurt/pico/pico-sdk/src/common/pico_util/pheap.c.obj
                0x10001604                ph_post_alloc_init
 .text.ph_merge_two_pass
                0x10001640       0x98 CMakeFiles/motor.dir/home/kurt/pico/pico-sdk/src/common/pico_util/pheap.c.obj
                0x10001640                ph_merge_two_pass
 .text.ph_remove_any_head
                0x100016d8      0x100 CMakeFiles/motor.dir/home/kurt/pico/pico-sdk/src/common/pico_util/pheap.c.obj
 .text.ph_remove_head
                0x100017d8      0x104 CMakeFiles/motor.dir/home/kurt/pico/pico-sdk/src/common/pico_util/pheap.c.obj
                0x100017d8                ph_remove_head
 .text.ph_remove_and_free_node
                0x100018dc       0x78 CMakeFiles/motor.dir/home/kurt/pico/pico-sdk/src/common/pico_util/pheap.c.obj
                0x100018dc                ph_remove_and_free_node
 .text.uart_init
                0x10001954      0x188 CMakeFiles/motor.dir/home/kurt/pico/pico-sdk/src/rp2_common/hardware_uart/uart.c.obj
                0x10001954                uart_init
 .text.clocks_init
                0x10001adc      0x2c8 CMakeFiles/motor.dir/home/kurt/pico/pico-sdk/src/rp2_common/hardware_clocks/clocks.c.obj
                0x10001adc                clocks_init
 .text.clock_get_hz
                0x10001da4        0xc CMakeFiles/motor.dir/home/kurt/pico/pico-sdk/src/rp2_common/hardware_clocks/clocks.c.obj
                0x10001da4                clock_get_hz
 .text.pll_init
                0x10001db0       0xa0 CMakeFiles/motor.dir/home/kurt/pico/pico-sdk/src/rp2_common/hardware_pll/pll.c.obj
                0x10001db0                pll_init
 .text.watchdog_start_tick
                0x10001e50       0x10 CMakeFiles/motor.dir/home/kurt/pico/pico-sdk/src/rp2_common/hardware_watchdog/watchdog.c.obj
                0x10001e50                watchdog_start_tick
 .text.watchdog_reboot
                0x10001e60       0x9c CMakeFiles/motor.dir/home/kurt/pico/pico-sdk/src/rp2_common/hardware_watchdog/watchdog.c.obj
                0x10001e60                watchdog_reboot
 .text.xosc_init
                0x10001efc       0x28 CMakeFiles/motor.dir/home/kurt/pico/pico-sdk/src/rp2_common/hardware_xosc/xosc.c.obj
                0x10001efc                xosc_init
 .text.runtime_init
                0x10001f24       0xf0 CMakeFiles/motor.dir/home/kurt/pico/pico-sdk/src/rp2_common/pico_runtime/runtime.c.obj
                0x10001f24                runtime_init
 .text._exit    0x10002014        0x4 CMakeFiles/motor.dir/home/kurt/pico/pico-sdk/src/rp2_common/pico_runtime/runtime.c.obj
                0x10002014                _exit
 .text.exit     0x10002018        0x8 CMakeFiles/motor.dir/home/kurt/pico/pico-sdk/src/rp2_common/pico_runtime/runtime.c.obj
                0x10002018                exit
 .text.panic    0x10002020       0x30 CMakeFiles/motor.dir/home/kurt/pico/pico-sdk/src/rp2_common/pico_runtime/runtime.c.obj
                0x10002020                panic
 .text.hard_assertion_failure
                0x10002050        0xc CMakeFiles/motor.dir/home/kurt/pico/pico-sdk/src/rp2_common/pico_runtime/runtime.c.obj
                0x10002050                hard_assertion_failure
 .text._out_char
                0x1000205c       0x10 CMakeFiles/motor.dir/home/kurt/pico/pico-sdk/src/rp2_common/pico_printf/printf.c.obj
 .text.weak_raw_vprintf
                0x1000206c       0x30 CMakeFiles/motor.dir/home/kurt/pico/pico-sdk/src/rp2_common/pico_printf/printf.c.obj
                0x1000206c                weak_raw_vprintf
 .text          0x1000209c       0x10 CMakeFiles/motor.dir/home/kurt/pico/pico-sdk/src/rp2_common/pico_bit_ops/bit_ops_aeabi.S.obj
 .text.rom_func_lookup
                0x100020ac       0x10 CMakeFiles/motor.dir/home/kurt/pico/pico-sdk/src/rp2_common/pico_bootrom/bootrom.c.obj
                0x100020ac                rom_func_lookup
 .text.rom_data_lookup
                0x100020bc       0x10 CMakeFiles/motor.dir/home/kurt/pico/pico-sdk/src/rp2_common/pico_bootrom/bootrom.c.obj
                0x100020bc                rom_data_lookup
 .text.rom_funcs_lookup
                0x100020cc       0x44 CMakeFiles/motor.dir/home/kurt/pico/pico-sdk/src/rp2_common/pico_bootrom/bootrom.c.obj
                0x100020cc                rom_funcs_lookup
 .text.__wrap___aeabi_uidiv
                0x10002110       0x4c CMakeFiles/motor.dir/home/kurt/pico/pico-sdk/src/rp2_common/pico_divider/divider.S.obj
                0x10002110                __wrap___aeabi_uidiv
                0x10002110                __wrap___aeabi_uidivmod
                0x10002110                div_u32u32
                0x10002110                divmod_u32u32
                0x10002118                divmod_u32u32_unsafe
                0x10002140                divmod_u32u32_savestate
 .text.__aeabi_double_init
                0x1000215c       0x98 CMakeFiles/motor.dir/home/kurt/pico/pico-sdk/src/rp2_common/pico_double/double_init_rom.c.obj
                0x1000215c                __aeabi_double_init
 .text.double_table_shim_on_use_helper
                0x100021f4       0x2c CMakeFiles/motor.dir/home/kurt/pico/pico-sdk/src/rp2_common/pico_double/double_v1_rom_shim.S.obj
                0x100021f4                double_table_shim_on_use_helper
 .text.__aeabi_lmul
                0x10002220       0x32 CMakeFiles/motor.dir/home/kurt/pico/pico-sdk/src/rp2_common/pico_int64_ops/pico_int64_ops_aeabi.S.obj
                0x10002220                __wrap___aeabi_lmul
 *fill*         0x10002252        0x2 
 .text.__aeabi_float_init
                0x10002254       0x64 CMakeFiles/motor.dir/home/kurt/pico/pico-sdk/src/rp2_common/pico_float/float_init_rom.c.obj
                0x10002254                __aeabi_float_init
 .text.float_table_shim_on_use_helper
                0x100022b8       0x2c CMakeFiles/motor.dir/home/kurt/pico/pico-sdk/src/rp2_common/pico_float/float_v1_rom_shim.S.obj
                0x100022b8                float_table_shim_on_use_helper
 .text          0x100022e4       0x10 CMakeFiles/motor.dir/home/kurt/pico/pico-sdk/src/rp2_common/pico_mem_ops/mem_ops_aeabi.S.obj
                0x100022e4                __aeabi_mem_init
 .text.memset   0x100022f4        0xc CMakeFiles/motor.dir/home/kurt/pico/pico-sdk/src/rp2_common/pico_mem_ops/mem_ops_aeabi.S.obj
                0x100022f4                __wrap_memset
 .text.memcpy   0x10002300        0xc CMakeFiles/motor.dir/home/kurt/pico/pico-sdk/src/rp2_common/pico_mem_ops/mem_ops_aeabi.S.obj
                0x10002300                __wrap___aeabi_memcpy
                0x10002300                __wrap_memcpy
 .text.stdio_out_chars_crlf
                0x1000230c       0xbc CMakeFiles/motor.dir/home/kurt/pico/pico-sdk/src/rp2_common/pico_stdio/stdio.c.obj
 .text.__wrap_putchar
                0x100023c8       0x98 CMakeFiles/motor.dir/home/kurt/pico/pico-sdk/src/rp2_common/pico_stdio/stdio.c.obj
                0x100023c8                __wrap_putchar
 .text.__wrap_puts
                0x10002460       0xe0 CMakeFiles/motor.dir/home/kurt/pico/pico-sdk/src/rp2_common/pico_stdio/stdio.c.obj
                0x10002460                __wrap_puts
 .text.stdio_set_driver_enabled
                0x10002540       0x30 CMakeFiles/motor.dir/home/kurt/pico/pico-sdk/src/rp2_common/pico_stdio/stdio.c.obj
                0x10002540                stdio_set_driver_enabled
 .text.stdio_init_all
                0x10002570       0x10 CMakeFiles/motor.dir/home/kurt/pico/pico-sdk/src/rp2_common/pico_stdio/stdio.c.obj
                0x10002570                stdio_init_all
 .text.stdio_uart_out_chars
                0x10002580       0x4c CMakeFiles/motor.dir/home/kurt/pico/pico-sdk/src/rp2_common/pico_stdio_uart/stdio_uart.c.obj
 .text.stdio_uart_in_chars
                0x100025cc       0x98 CMakeFiles/motor.dir/home/kurt/pico/pico-sdk/src/rp2_common/pico_stdio_uart/stdio_uart.c.obj
                0x100025cc                stdio_uart_in_chars
 .text.on_uart_rx
                0x10002664       0x28 CMakeFiles/motor.dir/home/kurt/pico/pico-sdk/src/rp2_common/pico_stdio_uart/stdio_uart.c.obj
 .text.stdio_uart_set_chars_available_callback
                0x1000268c       0x8c CMakeFiles/motor.dir/home/kurt/pico/pico-sdk/src/rp2_common/pico_stdio_uart/stdio_uart.c.obj
 .text.stdio_uart_init
                0x10002718       0x48 CMakeFiles/motor.dir/home/kurt/pico/pico-sdk/src/rp2_common/pico_stdio_uart/stdio_uart.c.obj
                0x10002718                stdio_uart_init
 .text.resetd_init
                0x10002760        0x4 CMakeFiles/motor.dir/home/kurt/pico/pico-sdk/src/rp2_common/pico_stdio_usb/reset_interface.c.obj
 .text.resetd_reset
                0x10002764        0xc CMakeFiles/motor.dir/home/kurt/pico/pico-sdk/src/rp2_common/pico_stdio_usb/reset_interface.c.obj
 .text.resetd_open
                0x10002770       0x28 CMakeFiles/motor.dir/home/kurt/pico/pico-sdk/src/rp2_common/pico_stdio_usb/reset_interface.c.obj
 .text.resetd_xfer_cb
                0x10002798        0x4 CMakeFiles/motor.dir/home/kurt/pico/pico-sdk/src/rp2_common/pico_stdio_usb/reset_interface.c.obj
 .text.resetd_control_xfer_cb
                0x1000279c       0x60 CMakeFiles/motor.dir/home/kurt/pico/pico-sdk/src/rp2_common/pico_stdio_usb/reset_interface.c.obj
 .text.usbd_app_driver_get_cb
                0x100027fc        0xc CMakeFiles/motor.dir/home/kurt/pico/pico-sdk/src/rp2_common/pico_stdio_usb/reset_interface.c.obj
                0x100027fc                usbd_app_driver_get_cb
 .text.tud_cdc_line_coding_cb
                0x10002808       0x34 CMakeFiles/motor.dir/home/kurt/pico/pico-sdk/src/rp2_common/pico_stdio_usb/reset_interface.c.obj
                0x10002808                tud_cdc_line_coding_cb
 .text.stdio_usb_set_chars_available_callback
                0x1000283c       0x14 CMakeFiles/motor.dir/home/kurt/pico/pico-sdk/src/rp2_common/pico_stdio_usb/stdio_usb.c.obj
                0x1000283c                stdio_usb_set_chars_available_callback
 .text.usb_irq  0x10002850       0x10 CMakeFiles/motor.dir/home/kurt/pico/pico-sdk/src/rp2_common/pico_stdio_usb/stdio_usb.c.obj
 .text.timer_task
                0x10002860       0x54 CMakeFiles/motor.dir/home/kurt/pico/pico-sdk/src/rp2_common/pico_stdio_usb/stdio_usb.c.obj
 .text.stdio_usb_in_chars
                0x100028b4       0x90 CMakeFiles/motor.dir/home/kurt/pico/pico-sdk/src/rp2_common/pico_stdio_usb/stdio_usb.c.obj
                0x100028b4                stdio_usb_in_chars
 .text.stdio_usb_out_chars
                0x10002944      0x104 CMakeFiles/motor.dir/home/kurt/pico/pico-sdk/src/rp2_common/pico_stdio_usb/stdio_usb.c.obj
 .text.low_priority_worker_irq
                0x10002a48       0xa8 CMakeFiles/motor.dir/home/kurt/pico/pico-sdk/src/rp2_common/pico_stdio_usb/stdio_usb.c.obj
 .text.tud_cdc_rx_cb
                0x10002af0       0x20 CMakeFiles/motor.dir/home/kurt/pico/pico-sdk/src/rp2_common/pico_stdio_usb/stdio_usb.c.obj
                0x10002af0                tud_cdc_rx_cb
 .text.stdio_usb_init
                0x10002b10       0xe0 CMakeFiles/motor.dir/home/kurt/pico/pico-sdk/src/rp2_common/pico_stdio_usb/stdio_usb.c.obj
                0x10002b10                stdio_usb_init
 .text.tud_descriptor_device_cb
                0x10002bf0        0x8 CMakeFiles/motor.dir/home/kurt/pico/pico-sdk/src/rp2_common/pico_stdio_usb/stdio_usb_descriptors.c.obj
                0x10002bf0                tud_descriptor_device_cb
 .text.tud_descriptor_configuration_cb
                0x10002bf8        0x8 CMakeFiles/motor.dir/home/kurt/pico/pico-sdk/src/rp2_common/pico_stdio_usb/stdio_usb_descriptors.c.obj
                0x10002bf8                tud_descriptor_configuration_cb
 .text.tud_descriptor_string_cb
                0x10002c00       0x78 CMakeFiles/motor.dir/home/kurt/pico/pico-sdk/src/rp2_common/pico_stdio_usb/stdio_usb_descriptors.c.obj
                0x10002c00                tud_descriptor_string_cb
 .text.startup._retrieve_unique_id_on_boot
                0x10002c78       0x10 CMakeFiles/motor.dir/home/kurt/pico/pico-sdk/src/rp2_common/pico_unique_id/unique_id.c.obj
 .text.pico_get_unique_board_id_string
                0x10002c88      0x1a8 CMakeFiles/motor.dir/home/kurt/pico/pico-sdk/src/rp2_common/pico_unique_id/unique_id.c.obj
                0x10002c88                pico_get_unique_board_id_string
 .text.flash_get_unique_id
                0x10002e30       0x40 CMakeFiles/motor.dir/home/kurt/pico/pico-sdk/src/rp2_common/hardware_flash/flash.c.obj
                0x10002e30                flash_get_unique_id
 .text.dcd_int_enable
                0x10002e70        0xc CMakeFiles/motor.dir/home/kurt/pico/pico-sdk/lib/tinyusb/src/portable/raspberrypi/rp2040/dcd_rp2040.c.obj
                0x10002e70                dcd_int_enable
 .text.dcd_set_address
                0x10002e7c       0x14 CMakeFiles/motor.dir/home/kurt/pico/pico-sdk/lib/tinyusb/src/portable/raspberrypi/rp2040/dcd_rp2040.c.obj
                0x10002e7c                dcd_set_address
 .text.dcd_connect
                0x10002e90       0x10 CMakeFiles/motor.dir/home/kurt/pico/pico-sdk/lib/tinyusb/src/portable/raspberrypi/rp2040/dcd_rp2040.c.obj
                0x10002e90                dcd_connect
 .text.dcd_init
                0x10002ea0       0x98 CMakeFiles/motor.dir/home/kurt/pico/pico-sdk/lib/tinyusb/src/portable/raspberrypi/rp2040/dcd_rp2040.c.obj
                0x10002ea0                dcd_init
 .text.dcd_edpt0_status_complete
                0x10002f38       0x1c CMakeFiles/motor.dir/home/kurt/pico/pico-sdk/lib/tinyusb/src/portable/raspberrypi/rp2040/dcd_rp2040.c.obj
                0x10002f38                dcd_edpt0_status_complete
 .text.dcd_edpt_open
                0x10002f54      0x108 CMakeFiles/motor.dir/home/kurt/pico/pico-sdk/lib/tinyusb/src/portable/raspberrypi/rp2040/dcd_rp2040.c.obj
                0x10002f54                dcd_edpt_open
 .text.dcd_edpt_close_all
                0x1000305c        0x8 CMakeFiles/motor.dir/home/kurt/pico/pico-sdk/lib/tinyusb/src/portable/raspberrypi/rp2040/dcd_rp2040.c.obj
                0x1000305c                dcd_edpt_close_all
 .text.dcd_edpt_xfer
                0x10003064       0x24 CMakeFiles/motor.dir/home/kurt/pico/pico-sdk/lib/tinyusb/src/portable/raspberrypi/rp2040/dcd_rp2040.c.obj
                0x10003064                dcd_edpt_xfer
 .text.dcd_edpt_stall
                0x10003088       0x38 CMakeFiles/motor.dir/home/kurt/pico/pico-sdk/lib/tinyusb/src/portable/raspberrypi/rp2040/dcd_rp2040.c.obj
                0x10003088                dcd_edpt_stall
 .text.dcd_edpt_clear_stall
                0x100030c0       0x30 CMakeFiles/motor.dir/home/kurt/pico/pico-sdk/lib/tinyusb/src/portable/raspberrypi/rp2040/dcd_rp2040.c.obj
                0x100030c0                dcd_edpt_clear_stall
 .text.rp2040_usb_init
                0x100030f0       0x4c CMakeFiles/motor.dir/home/kurt/pico/pico-sdk/lib/tinyusb/src/portable/raspberrypi/rp2040/rp2040_usb.c.obj
                0x100030f0                rp2040_usb_init
 .text.hw_endpoint_xfer_start
                0x1000313c       0x40 CMakeFiles/motor.dir/home/kurt/pico/pico-sdk/lib/tinyusb/src/portable/raspberrypi/rp2040/rp2040_usb.c.obj
                0x1000313c                hw_endpoint_xfer_start
 .text.tud_mounted
                0x1000317c       0x10 CMakeFiles/motor.dir/home/kurt/pico/pico-sdk/lib/tinyusb/src/device/usbd.c.obj
                0x1000317c                tud_mounted
 .text.tud_suspended
                0x1000318c       0x10 CMakeFiles/motor.dir/home/kurt/pico/pico-sdk/lib/tinyusb/src/device/usbd.c.obj
                0x1000318c                tud_suspended
 .text.tud_inited
                0x1000319c       0x14 CMakeFiles/motor.dir/home/kurt/pico/pico-sdk/lib/tinyusb/src/device/usbd.c.obj
                0x1000319c                tud_inited
 .text.tud_init
                0x100031b0       0xd8 CMakeFiles/motor.dir/home/kurt/pico/pico-sdk/lib/tinyusb/src/device/usbd.c.obj
                0x100031b0                tud_init
 .text.tud_task_ext
                0x10003288      0x8a8 CMakeFiles/motor.dir/home/kurt/pico/pico-sdk/lib/tinyusb/src/device/usbd.c.obj
                0x10003288                tud_task_ext
 .text.usbd_open_edpt_pair
                0x10003b30       0x9c CMakeFiles/motor.dir/home/kurt/pico/pico-sdk/lib/tinyusb/src/device/usbd.c.obj
                0x10003b30                usbd_open_edpt_pair
 .text.usbd_defer_func
                0x10003bcc       0x48 CMakeFiles/motor.dir/home/kurt/pico/pico-sdk/lib/tinyusb/src/device/usbd.c.obj
                0x10003bcc                usbd_defer_func
 .text.usbd_edpt_open
                0x10003c14       0x34 CMakeFiles/motor.dir/home/kurt/pico/pico-sdk/lib/tinyusb/src/device/usbd.c.obj
                0x10003c14                usbd_edpt_open
 .text.usbd_edpt_claim
                0x10003c48       0x28 CMakeFiles/motor.dir/home/kurt/pico/pico-sdk/lib/tinyusb/src/device/usbd.c.obj
                0x10003c48                usbd_edpt_claim
 .text.usbd_edpt_release
                0x10003c70       0x28 CMakeFiles/motor.dir/home/kurt/pico/pico-sdk/lib/tinyusb/src/device/usbd.c.obj
                0x10003c70                usbd_edpt_release
 .text.usbd_edpt_xfer
                0x10003c98       0x4c CMakeFiles/motor.dir/home/kurt/pico/pico-sdk/lib/tinyusb/src/device/usbd.c.obj
                0x10003c98                usbd_edpt_xfer
 .text.tud_control_status
                0x10003ce4       0x2c CMakeFiles/motor.dir/home/kurt/pico/pico-sdk/lib/tinyusb/src/device/usbd_control.c.obj
                0x10003ce4                tud_control_status
 .text.tud_control_xfer
                0x10003d10       0xac CMakeFiles/motor.dir/home/kurt/pico/pico-sdk/lib/tinyusb/src/device/usbd_control.c.obj
                0x10003d10                tud_control_xfer
 .text.usbd_control_reset
                0x10003dbc       0x14 CMakeFiles/motor.dir/home/kurt/pico/pico-sdk/lib/tinyusb/src/device/usbd_control.c.obj
                0x10003dbc                usbd_control_reset
 .text.usbd_control_set_complete_callback
                0x10003dd0        0xc CMakeFiles/motor.dir/home/kurt/pico/pico-sdk/lib/tinyusb/src/device/usbd_control.c.obj
                0x10003dd0                usbd_control_set_complete_callback
 .text.usbd_control_set_request
                0x10003ddc       0x1c CMakeFiles/motor.dir/home/kurt/pico/pico-sdk/lib/tinyusb/src/device/usbd_control.c.obj
                0x10003ddc                usbd_control_set_request
 .text.usbd_control_xfer_cb
                0x10003df8       0xf4 CMakeFiles/motor.dir/home/kurt/pico/pico-sdk/lib/tinyusb/src/device/usbd_control.c.obj
                0x10003df8                usbd_control_xfer_cb
 .text.tud_cdc_n_connected
                0x10003eec       0x30 CMakeFiles/motor.dir/home/kurt/pico/pico-sdk/lib/tinyusb/src/class/cdc/cdc_device.c.obj
                0x10003eec                tud_cdc_n_connected
 .text.tud_cdc_n_available
                0x10003f1c       0x18 CMakeFiles/motor.dir/home/kurt/pico/pico-sdk/lib/tinyusb/src/class/cdc/cdc_device.c.obj
                0x10003f1c                tud_cdc_n_available
 .text.tud_cdc_n_read
                0x10003f34       0x70 CMakeFiles/motor.dir/home/kurt/pico/pico-sdk/lib/tinyusb/src/class/cdc/cdc_device.c.obj
                0x10003f34                tud_cdc_n_read
 .text.tud_cdc_n_write_flush
                0x10003fa4       0x78 CMakeFiles/motor.dir/home/kurt/pico/pico-sdk/lib/tinyusb/src/class/cdc/cdc_device.c.obj
                0x10003fa4                tud_cdc_n_write_flush
 .text.tud_cdc_n_write
                0x1000401c       0x34 CMakeFiles/motor.dir/home/kurt/pico/pico-sdk/lib/tinyusb/src/class/cdc/cdc_device.c.obj
                0x1000401c                tud_cdc_n_write
 .text.tud_cdc_n_write_available
                0x10004050       0x18 CMakeFiles/motor.dir/home/kurt/pico/pico-sdk/lib/tinyusb/src/class/cdc/cdc_device.c.obj
                0x10004050                tud_cdc_n_write_available
 .text.cdcd_init
                0x10004068       0x7c CMakeFiles/motor.dir/home/kurt/pico/pico-sdk/lib/tinyusb/src/class/cdc/cdc_device.c.obj
                0x10004068                cdcd_init
 .text.cdcd_reset
                0x100040e4       0x2c CMakeFiles/motor.dir/home/kurt/pico/pico-sdk/lib/tinyusb/src/class/cdc/cdc_device.c.obj
                0x100040e4                cdcd_reset
 .text.cdcd_open
                0x10004110       0xe4 CMakeFiles/motor.dir/home/kurt/pico/pico-sdk/lib/tinyusb/src/class/cdc/cdc_device.c.obj
                0x10004110                cdcd_open
 .text.cdcd_control_xfer_cb
                0x100041f4       0xe4 CMakeFiles/motor.dir/home/kurt/pico/pico-sdk/lib/tinyusb/src/class/cdc/cdc_device.c.obj
                0x100041f4                cdcd_control_xfer_cb
 .text.cdcd_xfer_cb
                0x100042d8      0x13c CMakeFiles/motor.dir/home/kurt/pico/pico-sdk/lib/tinyusb/src/class/cdc/cdc_device.c.obj
                0x100042d8                cdcd_xfer_cb
 .text.tusb_init
                0x10004414        0xc CMakeFiles/motor.dir/home/kurt/pico/pico-sdk/lib/tinyusb/src/tusb.c.obj
                0x10004414                tusb_init
 .text.tusb_inited
                0x10004420        0x8 CMakeFiles/motor.dir/home/kurt/pico/pico-sdk/lib/tinyusb/src/tusb.c.obj
                0x10004420                tusb_inited
 .text.tu_edpt_claim
                0x10004428       0x50 CMakeFiles/motor.dir/home/kurt/pico/pico-sdk/lib/tinyusb/src/tusb.c.obj
                0x10004428                tu_edpt_claim
 .text.tu_edpt_release
                0x10004478       0x38 CMakeFiles/motor.dir/home/kurt/pico/pico-sdk/lib/tinyusb/src/tusb.c.obj
                0x10004478                tu_edpt_release
 .text.tu_edpt_validate
                0x100044b0       0x7c CMakeFiles/motor.dir/home/kurt/pico/pico-sdk/lib/tinyusb/src/tusb.c.obj
                0x100044b0                tu_edpt_validate
 .text.tu_edpt_bind_driver
                0x1000452c       0x34 CMakeFiles/motor.dir/home/kurt/pico/pico-sdk/lib/tinyusb/src/tusb.c.obj
                0x1000452c                tu_edpt_bind_driver
 .text.tu_fifo_config
                0x10004560       0x6c CMakeFiles/motor.dir/home/kurt/pico/pico-sdk/lib/tinyusb/src/common/tusb_fifo.c.obj
                0x10004560                tu_fifo_config
 .text.tu_fifo_count
                0x100045cc       0x2c CMakeFiles/motor.dir/home/kurt/pico/pico-sdk/lib/tinyusb/src/common/tusb_fifo.c.obj
                0x100045cc                tu_fifo_count
 .text.tu_fifo_empty
                0x100045f8       0x10 CMakeFiles/motor.dir/home/kurt/pico/pico-sdk/lib/tinyusb/src/common/tusb_fifo.c.obj
                0x100045f8                tu_fifo_empty
 .text.tu_fifo_remaining
                0x10004608       0x2c CMakeFiles/motor.dir/home/kurt/pico/pico-sdk/lib/tinyusb/src/common/tusb_fifo.c.obj
                0x10004608                tu_fifo_remaining
 .text.tu_fifo_read
                0x10004634       0x9c CMakeFiles/motor.dir/home/kurt/pico/pico-sdk/lib/tinyusb/src/common/tusb_fifo.c.obj
                0x10004634                tu_fifo_read
 .text.tu_fifo_read_n
                0x100046d0       0xe8 CMakeFiles/motor.dir/home/kurt/pico/pico-sdk/lib/tinyusb/src/common/tusb_fifo.c.obj
                0x100046d0                tu_fifo_read_n
 .text.tu_fifo_write
                0x100047b8       0x88 CMakeFiles/motor.dir/home/kurt/pico/pico-sdk/lib/tinyusb/src/common/tusb_fifo.c.obj
                0x100047b8                tu_fifo_write
 .text.tu_fifo_write_n
                0x10004840      0x170 CMakeFiles/motor.dir/home/kurt/pico/pico-sdk/lib/tinyusb/src/common/tusb_fifo.c.obj
                0x10004840                tu_fifo_write_n
 .text.tu_fifo_clear
                0x100049b0       0x40 CMakeFiles/motor.dir/home/kurt/pico/pico-sdk/lib/tinyusb/src/common/tusb_fifo.c.obj
                0x100049b0                tu_fifo_clear
 .text.tu_fifo_set_overwritable
                0x100049f0       0x48 CMakeFiles/motor.dir/home/kurt/pico/pico-sdk/lib/tinyusb/src/common/tusb_fifo.c.obj
                0x100049f0                tu_fifo_set_overwritable
 .text          0x10004a38       0x5c /usr/lib/gcc/arm-none-eabi/12.2.1/../../../arm-none-eabi/lib/thumb/v6-m/nofp/libc.a(lib_a-strlen-stub.o)
                0x10004a38                strlen
 *(.fini)
 .fini          0x10004a94        0x4 /usr/lib/gcc/arm-none-eabi/12.2.1/thumb/v6-m/nofp/crti.o
                0x10004a94                _fini
 .fini.__stub   0x10004a98       0xb0 linker stubs
 *crtbegin.o(.ctors)
 *crtbegin?.o(.ctors)
 *(EXCLUDE_FILE(*crtend.o *crtend?.o) .ctors)
 *(SORT_BY_NAME(.ctors.*))
 *(.ctors)
 *crtbegin.o(.dtors)
 *crtbegin?.o(.dtors)
 *(EXCLUDE_FILE(*crtend.o *crtend?.o) .dtors)
 *(SORT_BY_NAME(.dtors.*))
 *(.dtors)
 *(.eh_frame*)
 .eh_frame      0x10004b48        0x0 /usr/lib/gcc/arm-none-eabi/12.2.1/thumb/v6-m/nofp/crtbegin.o
                0x10004b48                        . = ALIGN (0x4)

.glue_7         0x10004b48        0x0
 .glue_7        0x10004b48        0x0 linker stubs

.glue_7t        0x10004b48        0x0
 .glue_7t       0x10004b48        0x0 linker stubs

.vfp11_veneer   0x10004b48        0x0
 .vfp11_veneer  0x10004b48        0x0 linker stubs

.v4_bx          0x10004b48        0x0
 .v4_bx         0x10004b48        0x0 linker stubs

.iplt           0x10004b48        0x0
 .iplt          0x10004b48        0x0 /usr/lib/gcc/arm-none-eabi/12.2.1/thumb/v6-m/nofp/crtbegin.o

.rodata         0x10004b48      0x348
 *(EXCLUDE_FILE(*libm.a: *libc.a:*lib_a-mem*.o *libgcc.a:) .rodata*)
 .rodata.str1.4
                0x10004b48       0x25 CMakeFiles/motor.dir/motor.c.obj
 *fill*         0x10004b6d        0x3 
 .rodata.__bi_13.0
                0x10004b70        0xc CMakeFiles/motor.dir/motor.c.obj
 .rodata.__bi_14.1
                0x10004b7c        0xc CMakeFiles/motor.dir/motor.c.obj
 .rodata.spin_lock_claim_unused.str1.4
                0x10004b88       0x1b CMakeFiles/motor.dir/home/kurt/pico/pico-sdk/src/rp2_common/hardware_sync/sync.c.obj
 *fill*         0x10004ba3        0x1 
 .rodata.user_irq_claim_unused.str1.4
                0x10004ba4       0x1b CMakeFiles/motor.dir/home/kurt/pico/pico-sdk/src/rp2_common/hardware_irq/irq.c.obj
 *fill*         0x10004bbf        0x1 
 .rodata.hardware_alarm_claim.str1.4
                0x10004bc0       0x22 CMakeFiles/motor.dir/home/kurt/pico/pico-sdk/src/rp2_common/hardware_timer/timer.c.obj
 *fill*         0x10004be2        0x2 
 .rodata.panic.str1.4
                0x10004be4       0x12 CMakeFiles/motor.dir/home/kurt/pico/pico-sdk/src/rp2_common/pico_runtime/runtime.c.obj
 *fill*         0x10004bf6        0x2 
 .rodata.hard_assertion_failure.str1.4
                0x10004bf8        0xc CMakeFiles/motor.dir/home/kurt/pico/pico-sdk/src/rp2_common/pico_runtime/runtime.c.obj
 .rodata.str1.4
                0x10004c04       0x3c CMakeFiles/motor.dir/home/kurt/pico/pico-sdk/src/rp2_common/pico_standard_link/binary_info.c.obj
 .rodata.__bi_81
                0x10004c40        0xc CMakeFiles/motor.dir/home/kurt/pico/pico-sdk/src/rp2_common/pico_standard_link/binary_info.c.obj
 .rodata.__bi_75
                0x10004c4c        0xc CMakeFiles/motor.dir/home/kurt/pico/pico-sdk/src/rp2_common/pico_standard_link/binary_info.c.obj
 .rodata.__bi_44
                0x10004c58        0xc CMakeFiles/motor.dir/home/kurt/pico/pico-sdk/src/rp2_common/pico_standard_link/binary_info.c.obj
 .rodata.crlf_str.0
                0x10004c64        0x2 CMakeFiles/motor.dir/home/kurt/pico/pico-sdk/src/rp2_common/pico_stdio/stdio.c.obj
 *fill*         0x10004c66        0x2 
 .rodata.str1.4
                0x10004c68       0x2c CMakeFiles/motor.dir/home/kurt/pico/pico-sdk/src/rp2_common/pico_stdio_uart/stdio_uart.c.obj
 .rodata.__bi_33.4
                0x10004c94        0xc CMakeFiles/motor.dir/home/kurt/pico/pico-sdk/src/rp2_common/pico_stdio_uart/stdio_uart.c.obj
 .rodata.__bi_34.5
                0x10004ca0        0x8 CMakeFiles/motor.dir/home/kurt/pico/pico-sdk/src/rp2_common/pico_stdio_uart/stdio_uart.c.obj
 .rodata._resetd_driver
                0x10004ca8       0x18 CMakeFiles/motor.dir/home/kurt/pico/pico-sdk/src/rp2_common/pico_stdio_usb/reset_interface.c.obj
 .rodata.str1.4
                0x10004cc0       0x13 CMakeFiles/motor.dir/home/kurt/pico/pico-sdk/src/rp2_common/pico_stdio_usb/stdio_usb.c.obj
 *fill*         0x10004cd3        0x1 
 .rodata.__bi_182.0
                0x10004cd4        0xc CMakeFiles/motor.dir/home/kurt/pico/pico-sdk/src/rp2_common/pico_stdio_usb/stdio_usb.c.obj
 .rodata.str1.4
                0x10004ce0       0x2a CMakeFiles/motor.dir/home/kurt/pico/pico-sdk/src/rp2_common/pico_stdio_usb/stdio_usb_descriptors.c.obj
 *fill*         0x10004d0a        0x2 
 .rodata.usbd_desc_str
                0x10004d0c       0x18 CMakeFiles/motor.dir/home/kurt/pico/pico-sdk/src/rp2_common/pico_stdio_usb/stdio_usb_descriptors.c.obj
 .rodata.usbd_desc_cfg
                0x10004d24       0x54 CMakeFiles/motor.dir/home/kurt/pico/pico-sdk/src/rp2_common/pico_stdio_usb/stdio_usb_descriptors.c.obj
 .rodata.usbd_desc_device
                0x10004d78       0x12 CMakeFiles/motor.dir/home/kurt/pico/pico-sdk/src/rp2_common/pico_stdio_usb/stdio_usb_descriptors.c.obj
 *fill*         0x10004d8a        0x2 
 .rodata.str1.4
                0x10004d8c       0x14 CMakeFiles/motor.dir/home/kurt/pico/pico-sdk/lib/tinyusb/src/portable/raspberrypi/rp2040/dcd_rp2040.c.obj
 .rodata.str1.4
                0x10004da0       0x49 CMakeFiles/motor.dir/home/kurt/pico/pico-sdk/lib/tinyusb/src/portable/raspberrypi/rp2040/rp2040_usb.c.obj
                                 0x53 (size before relaxing)
 *fill*         0x10004de9        0x3 
 .rodata.tud_task_ext
                0x10004dec       0x8c CMakeFiles/motor.dir/home/kurt/pico/pico-sdk/lib/tinyusb/src/device/usbd.c.obj
 .rodata._usbd_driver
                0x10004e78       0x18 CMakeFiles/motor.dir/home/kurt/pico/pico-sdk/lib/tinyusb/src/device/usbd.c.obj
                0x10004e90                        . = ALIGN (0x4)
 *(SORT_BY_ALIGNMENT(SORT_BY_NAME(.flashdata*)))
                0x10004e90                        . = ALIGN (0x4)

.ARM.extab
 *(.ARM.extab* .gnu.linkonce.armextab.*)
                0x10004e90                        __exidx_start = .

.ARM.exidx
 *(.ARM.exidx* .gnu.linkonce.armexidx.*)
                0x10004e90                        __exidx_end = .
                0x10004e90                        . = ALIGN (0x4)
                0x10004e90                        __binary_info_start = .

.binary_info    0x10004e90       0x30
 *(.binary_info.keep.*)
 .binary_info.keep.__bi_ptr14
                0x10004e90        0x4 CMakeFiles/motor.dir/motor.c.obj
 .binary_info.keep.__bi_ptr13
                0x10004e94        0x4 CMakeFiles/motor.dir/motor.c.obj
 .binary_info.keep.__bi_ptr81
                0x10004e98        0x4 CMakeFiles/motor.dir/home/kurt/pico/pico-sdk/src/rp2_common/pico_standard_link/binary_info.c.obj
 .binary_info.keep.__bi_ptr75
                0x10004e9c        0x4 CMakeFiles/motor.dir/home/kurt/pico/pico-sdk/src/rp2_common/pico_standard_link/binary_info.c.obj
 .binary_info.keep.__bi_ptr50
                0x10004ea0        0x4 CMakeFiles/motor.dir/home/kurt/pico/pico-sdk/src/rp2_common/pico_standard_link/binary_info.c.obj
 .binary_info.keep.__bi_ptr44
                0x10004ea4        0x4 CMakeFiles/motor.dir/home/kurt/pico/pico-sdk/src/rp2_common/pico_standard_link/binary_info.c.obj
 .binary_info.keep.__bi_ptr38
                0x10004ea8        0x4 CMakeFiles/motor.dir/home/kurt/pico/pico-sdk/src/rp2_common/pico_standard_link/binary_info.c.obj
 .binary_info.keep.__bi_ptr30
                0x10004eac        0x4 CMakeFiles/motor.dir/home/kurt/pico/pico-sdk/src/rp2_common/pico_standard_link/binary_info.c.obj
 .binary_info.keep.__bi_ptr22
                0x10004eb0        0x4 CMakeFiles/motor.dir/home/kurt/pico/pico-sdk/src/rp2_common/pico_standard_link/binary_info.c.obj
 *(.binary_info.*)
 .binary_info.__bi_ptr34
                0x10004eb4        0x4 CMakeFiles/motor.dir/home/kurt/pico/pico-sdk/src/rp2_common/pico_stdio_uart/stdio_uart.c.obj
 .binary_info.__bi_ptr33
                0x10004eb8        0x4 CMakeFiles/motor.dir/home/kurt/pico/pico-sdk/src/rp2_common/pico_stdio_uart/stdio_uart.c.obj
 .binary_info.__bi_ptr182
                0x10004ebc        0x4 CMakeFiles/motor.dir/home/kurt/pico/pico-sdk/src/rp2_common/pico_stdio_usb/stdio_usb.c.obj
                0x10004ec0                        __binary_info_end = .

.rel.dyn        0x10004ec0        0x0
 .rel.iplt      0x10004ec0        0x0 /usr/lib/gcc/arm-none-eabi/12.2.1/thumb/v6-m/nofp/crtbegin.o
                0x10004ec0                        . = ALIGN (0x4)

.ram_vector_table
                0x20000000       0xc0
 *(.ram_vector_table)
 .ram_vector_table
                0x20000000       0xc0 CMakeFiles/motor.dir/home/kurt/pico/pico-sdk/src/rp2_common/pico_runtime/runtime.c.obj
                0x20000000                ram_vector_table

.data           0x200000c0      0xe38 load address 0x10004ec0
                0x200000c0                        __data_start__ = .
 *(vtable)
 *(.time_critical*)
 .time_critical.mutex_try_enter
                0x200000c0       0x40 CMakeFiles/motor.dir/home/kurt/pico/pico-sdk/src/common/pico_sync/mutex.c.obj
                0x200000c0                mutex_try_enter
 .time_critical.mutex_try_enter_block_until
                0x20000100       0x9c CMakeFiles/motor.dir/home/kurt/pico/pico-sdk/src/common/pico_sync/mutex.c.obj
                0x20000100                mutex_try_enter_block_until
 .time_critical.mutex_enter_timeout_ms
                0x2000019c       0x90 CMakeFiles/motor.dir/home/kurt/pico/pico-sdk/src/common/pico_sync/mutex.c.obj
                0x2000019c                mutex_enter_timeout_ms
 .time_critical.mutex_exit
                0x2000022c       0x28 CMakeFiles/motor.dir/home/kurt/pico/pico-sdk/src/common/pico_sync/mutex.c.obj
                0x2000022c                mutex_exit
 .time_critical.flash_init_boot2_copyout
                0x20000254       0x30 CMakeFiles/motor.dir/home/kurt/pico/pico-sdk/src/rp2_common/hardware_flash/flash.c.obj
 .time_critical.flash_enable_xip_via_boot2
                0x20000284        0xc CMakeFiles/motor.dir/home/kurt/pico/pico-sdk/src/rp2_common/hardware_flash/flash.c.obj
 .time_critical.flash_cs_force
                0x20000290       0x38 CMakeFiles/motor.dir/home/kurt/pico/pico-sdk/src/rp2_common/hardware_flash/flash.c.obj
 .time_critical.flash_do_cmd
                0x200002c8       0xc0 CMakeFiles/motor.dir/home/kurt/pico/pico-sdk/src/rp2_common/hardware_flash/flash.c.obj
                0x200002c8                flash_do_cmd
 .time_critical.reset_non_control_endpoints
                0x20000388       0x68 CMakeFiles/motor.dir/home/kurt/pico/pico-sdk/lib/tinyusb/src/portable/raspberrypi/rp2040/dcd_rp2040.c.obj
 .time_critical.hw_handle_buff_status
                0x200003f0       0xac CMakeFiles/motor.dir/home/kurt/pico/pico-sdk/lib/tinyusb/src/portable/raspberrypi/rp2040/dcd_rp2040.c.obj
 .time_critical.dcd_rp2040_irq
                0x2000049c      0x510 CMakeFiles/motor.dir/home/kurt/pico/pico-sdk/lib/tinyusb/src/portable/raspberrypi/rp2040/dcd_rp2040.c.obj
 .time_critical.e15_is_bulkin_ep
                0x200009ac       0x28 CMakeFiles/motor.dir/home/kurt/pico/pico-sdk/lib/tinyusb/src/portable/raspberrypi/rp2040/rp2040_usb.c.obj
 .time_critical.e15_is_critical_frame_period
                0x200009d4       0x34 CMakeFiles/motor.dir/home/kurt/pico/pico-sdk/lib/tinyusb/src/portable/raspberrypi/rp2040/rp2040_usb.c.obj
 .time_critical.prepare_ep_buffer
                0x20000a08       0x6c CMakeFiles/motor.dir/home/kurt/pico/pico-sdk/lib/tinyusb/src/portable/raspberrypi/rp2040/rp2040_usb.c.obj
 .time_critical.sync_ep_buffer
                0x20000a74       0x48 CMakeFiles/motor.dir/home/kurt/pico/pico-sdk/lib/tinyusb/src/portable/raspberrypi/rp2040/rp2040_usb.c.obj
 .time_critical._hw_endpoint_xfer_sync
                0x20000abc       0x28 CMakeFiles/motor.dir/home/kurt/pico/pico-sdk/lib/tinyusb/src/portable/raspberrypi/rp2040/rp2040_usb.c.obj
 .time_critical.hw_endpoint_reset_transfer
                0x20000ae4        0xc CMakeFiles/motor.dir/home/kurt/pico/pico-sdk/lib/tinyusb/src/portable/raspberrypi/rp2040/rp2040_usb.c.obj
                0x20000ae4                hw_endpoint_reset_transfer
 .time_critical._hw_endpoint_buffer_control_update32
                0x20000af0       0x58 CMakeFiles/motor.dir/home/kurt/pico/pico-sdk/lib/tinyusb/src/portable/raspberrypi/rp2040/rp2040_usb.c.obj
                0x20000af0                _hw_endpoint_buffer_control_update32
 .time_critical.hw_endpoint_start_next_buffer
                0x20000b48       0x6c CMakeFiles/motor.dir/home/kurt/pico/pico-sdk/lib/tinyusb/src/portable/raspberrypi/rp2040/rp2040_usb.c.obj
                0x20000b48                hw_endpoint_start_next_buffer
 .time_critical.hw_endpoint_xfer_continue
                0x20000bb4       0x50 CMakeFiles/motor.dir/home/kurt/pico/pico-sdk/lib/tinyusb/src/portable/raspberrypi/rp2040/rp2040_usb.c.obj
                0x20000bb4                hw_endpoint_xfer_continue
 .time_critical.tinyusb
                0x20000c04      0x170 CMakeFiles/motor.dir/home/kurt/pico/pico-sdk/lib/tinyusb/src/device/usbd.c.obj
                0x20000c04                dcd_event_handler
 *(.text*)
 .text          0x20000d74        0x4 /usr/lib/gcc/arm-none-eabi/12.2.1/thumb/v6-m/nofp/libgcc.a(_dvmd_tls.o)
                0x20000d74                __aeabi_ldiv0
                0x20000d74                __aeabi_idiv0
 .text.__stub   0x20000d78       0x70 linker stubs
                0x20000de8                        . = ALIGN (0x4)
 *(.rodata*)
                0x20000de8                        . = ALIGN (0x4)
 *(.data*)
 .data.striped_spin_lock_num
                0x20000de8        0x1 CMakeFiles/motor.dir/home/kurt/pico/pico-sdk/src/rp2_common/hardware_sync/sync.c.obj
 *fill*         0x20000de9        0x3 
 .data          0x20000dec       0x48 CMakeFiles/motor.dir/home/kurt/pico/pico-sdk/src/rp2_common/hardware_irq/irq_handler_chain.S.obj
                0x20000dec                irq_handler_chain_slots
                0x20000e1c                irq_handler_chain_first_slot
                0x20000e26                irq_handler_chain_remove_tail
 .data.default_alarm_pool
                0x20000e34       0x18 CMakeFiles/motor.dir/home/kurt/pico/pico-sdk/src/common/pico_time/time.c.obj
 .data.default_alarm_pool_heap
                0x20000e4c       0x10 CMakeFiles/motor.dir/home/kurt/pico/pico-sdk/src/common/pico_time/time.c.obj
 *fill*         0x20000e5c        0x4 
 .data.aeabi_bits_funcs
                0x20000e60       0x10 CMakeFiles/motor.dir/home/kurt/pico/pico-sdk/src/rp2_common/pico_bit_ops/bit_ops_aeabi.S.obj
                0x20000e60                aeabi_bits_funcs
                0x20000e70                aeabi_bits_funcs_end
 .data.aeabi_mem_funcs
                0x20000e70       0x10 CMakeFiles/motor.dir/home/kurt/pico/pico-sdk/src/rp2_common/pico_mem_ops/mem_ops_aeabi.S.obj
                0x20000e70                aeabi_mem_funcs
                0x20000e80                aeabi_mem_funcs_end
 .data.stdio_uart
                0x20000e80       0x18 CMakeFiles/motor.dir/home/kurt/pico/pico-sdk/src/rp2_common/pico_stdio_uart/stdio_uart.c.obj
                0x20000e80                stdio_uart
 .data.stdio_usb
                0x20000e98       0x18 CMakeFiles/motor.dir/home/kurt/pico/pico-sdk/src/rp2_common/pico_stdio_usb/stdio_usb.c.obj
                0x20000e98                stdio_usb
 .data.ep_dir_string
                0x20000eb0        0x8 CMakeFiles/motor.dir/home/kurt/pico/pico-sdk/lib/tinyusb/src/portable/raspberrypi/rp2040/rp2040_usb.c.obj
                0x20000eb0                ep_dir_string
 .data._usbd_qdef
                0x20000eb8       0x1c CMakeFiles/motor.dir/home/kurt/pico/pico-sdk/lib/tinyusb/src/device/usbd.c.obj
                0x20000eb8                _usbd_qdef
 .data._usbd_rhport
                0x20000ed4        0x1 CMakeFiles/motor.dir/home/kurt/pico/pico-sdk/lib/tinyusb/src/device/usbd.c.obj
                0x20000ed8                        . = ALIGN (0x4)
 *fill*         0x20000ed5        0x3 
 *(.after_data.*)
                0x20000ed8                        . = ALIGN (0x4)
                0x20000ed8                        PROVIDE (__mutex_array_start = .)
 *(SORT_BY_NAME(.mutex_array.*))
 *(.mutex_array)
 .mutex_array   0x20000ed8        0x8 CMakeFiles/motor.dir/home/kurt/pico/pico-sdk/src/rp2_common/pico_stdio/stdio.c.obj
                0x20000ee0                        PROVIDE (__mutex_array_end = .)
                0x20000ee0                        . = ALIGN (0x4)
                0x20000ee0                        PROVIDE (__preinit_array_start = .)
 *(SORT_BY_NAME(.preinit_array.*))
 .preinit_array.00001
                0x20000ee0        0x4 CMakeFiles/motor.dir/home/kurt/pico/pico-sdk/src/rp2_common/pico_mem_ops/mem_ops_aeabi.S.obj
 .preinit_array.00010
                0x20000ee4        0x4 CMakeFiles/motor.dir/home/kurt/pico/pico-sdk/src/rp2_common/pico_bit_ops/bit_ops_aeabi.S.obj
 .preinit_array.00020
                0x20000ee8        0x4 CMakeFiles/motor.dir/home/kurt/pico/pico-sdk/src/rp2_common/pico_double/double_aeabi.S.obj
 .preinit_array.00020
                0x20000eec        0x4 CMakeFiles/motor.dir/home/kurt/pico/pico-sdk/src/rp2_common/pico_float/float_aeabi.S.obj
 *(.preinit_array)
                0x20000ef0                        PROVIDE (__preinit_array_end = .)
                0x20000ef0                        . = ALIGN (0x4)
                0x20000ef0                        PROVIDE (__init_array_start = .)
 *(SORT_BY_NAME(.init_array.*))
 *(.init_array)
 .init_array    0x20000ef0        0x4 /usr/lib/gcc/arm-none-eabi/12.2.1/thumb/v6-m/nofp/crtbegin.o
 .init_array    0x20000ef4        0x4 CMakeFiles/motor.dir/home/kurt/pico/pico-sdk/src/rp2_common/pico_unique_id/unique_id.c.obj
                0x20000ef8                        PROVIDE (__init_array_end = .)
                0x20000ef8                        . = ALIGN (0x4)
                0x20000ef8                        PROVIDE (__fini_array_start = .)
 *(SORT_BY_NAME(.fini_array.*))
 *(.fini_array)
                0x20000ef8                        PROVIDE (__fini_array_end = .)
 *(.jcr)
                0x20000ef8                        . = ALIGN (0x4)
                0x20000ef8                        __data_end__ = .
                0x10004ec0                        __etext = LOADADDR (.data)

.tm_clone_table
                0x20000ef8        0x0 load address 0x10005cf8
 .tm_clone_table
                0x20000ef8        0x0 /usr/lib/gcc/arm-none-eabi/12.2.1/thumb/v6-m/nofp/crtbegin.o
 .tm_clone_table
                0x20000ef8        0x0 /usr/lib/gcc/arm-none-eabi/12.2.1/thumb/v6-m/nofp/crtend.o

.igot.plt       0x20000ef8        0x0 load address 0x10005cf8
 .igot.plt      0x20000ef8        0x0 /usr/lib/gcc/arm-none-eabi/12.2.1/thumb/v6-m/nofp/crtbegin.o

.uninitialized_data
                0x20000ef8        0x0 load address 0x10005cf8
                0x20000ef8                        . = ALIGN (0x4)
 *(.uninitialized_data*)

.scratch_x      0x20040000        0x0 load address 0x10005cf8
                0x20040000                        __scratch_x_start__ = .
 *(.scratch_x.*)
                0x20040000                        . = ALIGN (0x4)
                0x20040000                        __scratch_x_end__ = .
                0x10005cf8                        __scratch_x_source__ = LOADADDR (.scratch_x)

.scratch_y      0x20041000        0x0 load address 0x10005cf8
                0x20041000                        __scratch_y_start__ = .
 *(.scratch_y.*)
                0x20041000                        . = ALIGN (0x4)
                0x20041000                        __scratch_y_end__ = .
                0x10005cf8                        __scratch_y_source__ = LOADADDR (.scratch_y)

.bss            0x20000ef8      0xd98
                0x20000ef8                        . = ALIGN (0x4)
                0x20000ef8                        __bss_start__ = .
 *(SORT_BY_ALIGNMENT(SORT_BY_NAME(.bss*)))
 .bss.configured_freq
                0x20000ef8       0x28 CMakeFiles/motor.dir/home/kurt/pico/pico-sdk/src/rp2_common/hardware_clocks/clocks.c.obj
 .bss.default_alarm_pool_entries
                0x20000f20      0x100 CMakeFiles/motor.dir/home/kurt/pico/pico-sdk/src/common/pico_time/time.c.obj
 .bss.last_avail_time.1
                0x20001020        0x8 CMakeFiles/motor.dir/home/kurt/pico/pico-sdk/src/rp2_common/pico_stdio_usb/stdio_usb.c.obj
 .bss.sd_table  0x20001028      0x100 CMakeFiles/motor.dir/home/kurt/pico/pico-sdk/src/rp2_common/pico_double/double_init_rom.c.obj
                0x20001028                sd_table
 .bss.sf_table  0x20001128      0x100 CMakeFiles/motor.dir/home/kurt/pico/pico-sdk/src/rp2_common/pico_float/float_init_rom.c.obj
                0x20001128                sf_table
 .bss           0x20001228       0x1c /usr/lib/gcc/arm-none-eabi/12.2.1/thumb/v6-m/nofp/crtbegin.o
 .bss._app_driver
                0x20001244        0x4 CMakeFiles/motor.dir/home/kurt/pico/pico-sdk/lib/tinyusb/src/device/usbd.c.obj
 .bss._cdcd_itf
                0x20001248      0x2c8 CMakeFiles/motor.dir/home/kurt/pico/pico-sdk/lib/tinyusb/src/class/cdc/cdc_device.c.obj
 .bss._ctrl_xfer
                0x20001510       0x14 CMakeFiles/motor.dir/home/kurt/pico/pico-sdk/lib/tinyusb/src/device/usbd_control.c.obj
 .bss._ubsd_mutexdef
                0x20001524        0x8 CMakeFiles/motor.dir/home/kurt/pico/pico-sdk/lib/tinyusb/src/device/usbd.c.obj
 .bss._usbd_ctrl_buf
                0x2000152c       0x40 CMakeFiles/motor.dir/home/kurt/pico/pico-sdk/lib/tinyusb/src/device/usbd_control.c.obj
 .bss._usbd_dev
                0x2000156c       0x53 CMakeFiles/motor.dir/home/kurt/pico/pico-sdk/lib/tinyusb/src/device/usbd.c.obj
 *fill*         0x200015bf        0x1 
 .bss._usbd_mutex
                0x200015c0        0x4 CMakeFiles/motor.dir/home/kurt/pico/pico-sdk/lib/tinyusb/src/device/usbd.c.obj
 .bss._usbd_q   0x200015c4        0x4 CMakeFiles/motor.dir/home/kurt/pico/pico-sdk/lib/tinyusb/src/device/usbd.c.obj
 .bss._usbd_qdef_buf
                0x200015c8       0xc0 CMakeFiles/motor.dir/home/kurt/pico/pico-sdk/lib/tinyusb/src/device/usbd.c.obj
                0x200015c8                _usbd_qdef_buf
 .bss.alarm_callbacks
                0x20001688       0x10 CMakeFiles/motor.dir/home/kurt/pico/pico-sdk/src/rp2_common/hardware_timer/timer.c.obj
 .bss.boot2_copyout
                0x20001698      0x100 CMakeFiles/motor.dir/home/kurt/pico/pico-sdk/src/rp2_common/hardware_flash/flash.c.obj
 .bss.chars_available_callback
                0x20001798        0x4 CMakeFiles/motor.dir/home/kurt/pico/pico-sdk/src/rp2_common/pico_stdio_uart/stdio_uart.c.obj
 .bss.chars_available_callback
                0x2000179c        0x4 CMakeFiles/motor.dir/home/kurt/pico/pico-sdk/src/rp2_common/pico_stdio_usb/stdio_usb.c.obj
 .bss.chars_available_param
                0x200017a0        0x4 CMakeFiles/motor.dir/home/kurt/pico/pico-sdk/src/rp2_common/pico_stdio_uart/stdio_uart.c.obj
 .bss.chars_available_param
                0x200017a4        0x4 CMakeFiles/motor.dir/home/kurt/pico/pico-sdk/src/rp2_common/pico_stdio_usb/stdio_usb.c.obj
 .bss.claimed   0x200017a8        0x4 CMakeFiles/motor.dir/home/kurt/pico/pico-sdk/src/rp2_common/hardware_sync/sync.c.obj
 .bss.default_alarm_pool_entry_ids_high
                0x200017ac       0x10 CMakeFiles/motor.dir/home/kurt/pico/pico-sdk/src/common/pico_time/time.c.obj
 .bss.default_alarm_pool_heap_nodes
                0x200017bc       0x30 CMakeFiles/motor.dir/home/kurt/pico/pico-sdk/src/common/pico_time/time.c.obj
 .bss.desc_str.0
                0x200017ec       0x28 CMakeFiles/motor.dir/home/kurt/pico/pico-sdk/src/rp2_common/pico_stdio_usb/stdio_usb_descriptors.c.obj
 .bss.drivers   0x20001814        0x4 CMakeFiles/motor.dir/home/kurt/pico/pico-sdk/src/rp2_common/pico_stdio/stdio.c.obj
 .bss.e15_last_sof
                0x20001818        0x4 CMakeFiles/motor.dir/home/kurt/pico/pico-sdk/lib/tinyusb/src/portable/raspberrypi/rp2040/rp2040_usb.c.obj
                0x20001818                e15_last_sof
 .bss.filter    0x2000181c        0x4 CMakeFiles/motor.dir/home/kurt/pico/pico-sdk/src/rp2_common/pico_stdio/stdio.c.obj
 .bss.hw_endpoints
                0x20001820      0x400 CMakeFiles/motor.dir/home/kurt/pico/pico-sdk/lib/tinyusb/src/portable/raspberrypi/rp2040/dcd_rp2040.c.obj
 .bss.lazy_vsnprintf
                0x20001c20        0x4 CMakeFiles/motor.dir/home/kurt/pico/pico-sdk/src/rp2_common/pico_printf/printf.c.obj
 .bss.load_value
                0x20001c24        0x4 CMakeFiles/motor.dir/home/kurt/pico/pico-sdk/src/rp2_common/hardware_watchdog/watchdog.c.obj
 .bss.next_buffer_ptr
                0x20001c28        0x4 CMakeFiles/motor.dir/home/kurt/pico/pico-sdk/lib/tinyusb/src/portable/raspberrypi/rp2040/dcd_rp2040.c.obj
 .bss.one_shot_timer_crit_sec
                0x20001c2c        0x8 CMakeFiles/motor.dir/home/kurt/pico/pico-sdk/src/rp2_common/pico_stdio_usb/stdio_usb.c.obj
 .bss.pools     0x20001c34       0x10 CMakeFiles/motor.dir/home/kurt/pico/pico-sdk/src/common/pico_time/time.c.obj
 .bss.retrieved_id
                0x20001c44        0x8 CMakeFiles/motor.dir/home/kurt/pico/pico-sdk/src/rp2_common/pico_unique_id/unique_id.c.obj
 .bss.sf_clz_func
                0x20001c4c        0x4 CMakeFiles/motor.dir/home/kurt/pico/pico-sdk/src/rp2_common/pico_double/double_init_rom.c.obj
                0x20001c4c                sf_clz_func
 .bss.sleep_notifier
                0x20001c50        0x4 CMakeFiles/motor.dir/home/kurt/pico/pico-sdk/src/common/pico_time/time.c.obj
 .bss.stdio_usb_mutex
                0x20001c54        0x8 CMakeFiles/motor.dir/home/kurt/pico/pico-sdk/src/rp2_common/pico_stdio_usb/stdio_usb.c.obj
 .bss.target_hi
                0x20001c5c       0x10 CMakeFiles/motor.dir/home/kurt/pico/pico-sdk/src/rp2_common/hardware_timer/timer.c.obj
 .bss.uart_char_to_line_feed
                0x20001c6c        0x4 CMakeFiles/motor.dir/home/kurt/pico/pico-sdk/src/rp2_common/hardware_uart/uart.c.obj
                0x20001c6c                uart_char_to_line_feed
 .bss.uart_instance
                0x20001c70        0x4 CMakeFiles/motor.dir/home/kurt/pico/pico-sdk/src/rp2_common/pico_stdio_uart/stdio_uart.c.obj
 .bss.usbd_serial_str
                0x20001c74       0x11 CMakeFiles/motor.dir/home/kurt/pico/pico-sdk/src/rp2_common/pico_stdio_usb/stdio_usb_descriptors.c.obj
 .bss._app_driver_count
                0x20001c85        0x1 CMakeFiles/motor.dir/home/kurt/pico/pico-sdk/lib/tinyusb/src/device/usbd.c.obj
 .bss._sof_enable
                0x20001c86        0x1 CMakeFiles/motor.dir/home/kurt/pico/pico-sdk/lib/tinyusb/src/portable/raspberrypi/rp2040/dcd_rp2040.c.obj
 .bss.boot2_copyout_valid
                0x20001c87        0x1 CMakeFiles/motor.dir/home/kurt/pico/pico-sdk/src/rp2_common/hardware_flash/flash.c.obj
 .bss.claimed   0x20001c88        0x1 CMakeFiles/motor.dir/home/kurt/pico/pico-sdk/src/rp2_common/hardware_timer/timer.c.obj
 .bss.irq_hander_chain_free_slot_head
                0x20001c89        0x1 CMakeFiles/motor.dir/home/kurt/pico/pico-sdk/src/rp2_common/hardware_irq/irq.c.obj
 .bss.itf_num   0x20001c8a        0x1 CMakeFiles/motor.dir/home/kurt/pico/pico-sdk/src/rp2_common/pico_stdio_usb/reset_interface.c.obj
 .bss.low_priority_irq_num
                0x20001c8b        0x1 CMakeFiles/motor.dir/home/kurt/pico/pico-sdk/src/rp2_common/pico_stdio_usb/stdio_usb.c.obj
 .bss.one_shot_timer_pending
                0x20001c8c        0x1 CMakeFiles/motor.dir/home/kurt/pico/pico-sdk/src/rp2_common/pico_stdio_usb/stdio_usb.c.obj
 .bss.timer_callbacks_pending
                0x20001c8d        0x1 CMakeFiles/motor.dir/home/kurt/pico/pico-sdk/src/rp2_common/hardware_timer/timer.c.obj
 .bss.user_irq_claimed
                0x20001c8e        0x1 CMakeFiles/motor.dir/home/kurt/pico/pico-sdk/src/rp2_common/hardware_irq/irq.c.obj
 *(COMMON)
                0x20001c90                        . = ALIGN (0x4)
 *fill*         0x20001c8f        0x1 
                0x20001c90                        __bss_end__ = .

.heap           0x20001c90      0x800
                0x20001c90                        __end__ = .
                0x20001c90                        end = __end__
 *(.heap*)
 .heap          0x20001c90      0x800 CMakeFiles/motor.dir/home/kurt/pico/pico-sdk/src/rp2_common/pico_standard_link/crt0.S.obj
                0x20002490                        __HeapLimit = .

.stack1_dummy
 *(.stack1*)

.stack_dummy    0x20041000      0x800
 *(.stack*)
 .stack         0x20041000      0x800 CMakeFiles/motor.dir/home/kurt/pico/pico-sdk/src/rp2_common/pico_standard_link/crt0.S.obj

.flash_end      0x10005cf8        0x0
                0x10005cf8                        PROVIDE (__flash_binary_end = .)
                0x20040000                        __StackLimit = (ORIGIN (RAM) + LENGTH (RAM))
                0x20041000                        __StackOneTop = (ORIGIN (SCRATCH_X) + LENGTH (SCRATCH_X))
                0x20042000                        __StackTop = (ORIGIN (SCRATCH_Y) + LENGTH (SCRATCH_Y))
                0x20041000                        __StackOneBottom = (__StackOneTop - SIZEOF (.stack1_dummy))
                0x20041800                        __StackBottom = (__StackTop - SIZEOF (.stack_dummy))
                0x20042000                        PROVIDE (__stack = __StackTop)
                0x00000001                        ASSERT ((__StackLimit >= __HeapLimit), region RAM overflowed)
                0x00000001                        ASSERT (((__binary_info_header_end - __logical_binary_start) <= 0x100), Binary info must be in first 256 bytes of the binary)
LOAD CMakeFiles/motor.dir/motor.c.obj
LOAD CMakeFiles/motor.dir/home/kurt/pico/pico-sdk/src/rp2_common/pico_stdlib/stdlib.c.obj
LOAD CMakeFiles/motor.dir/home/kurt/pico/pico-sdk/src/rp2_common/hardware_gpio/gpio.c.obj
LOAD CMakeFiles/motor.dir/home/kurt/pico/pico-sdk/src/rp2_common/pico_platform/platform.c.obj
LOAD CMakeFiles/motor.dir/home/kurt/pico/pico-sdk/src/rp2_common/hardware_claim/claim.c.obj
LOAD CMakeFiles/motor.dir/home/kurt/pico/pico-sdk/src/rp2_common/hardware_sync/sync.c.obj
LOAD CMakeFiles/motor.dir/home/kurt/pico/pico-sdk/src/rp2_common/hardware_irq/irq.c.obj
LOAD CMakeFiles/motor.dir/home/kurt/pico/pico-sdk/src/rp2_common/hardware_irq/irq_handler_chain.S.obj
LOAD CMakeFiles/motor.dir/home/kurt/pico/pico-sdk/src/common/pico_sync/sem.c.obj
LOAD CMakeFiles/motor.dir/home/kurt/pico/pico-sdk/src/common/pico_sync/lock_core.c.obj
LOAD CMakeFiles/motor.dir/home/kurt/pico/pico-sdk/src/common/pico_sync/mutex.c.obj
LOAD CMakeFiles/motor.dir/home/kurt/pico/pico-sdk/src/common/pico_sync/critical_section.c.obj
LOAD CMakeFiles/motor.dir/home/kurt/pico/pico-sdk/src/common/pico_time/time.c.obj
LOAD CMakeFiles/motor.dir/home/kurt/pico/pico-sdk/src/common/pico_time/timeout_helper.c.obj
LOAD CMakeFiles/motor.dir/home/kurt/pico/pico-sdk/src/rp2_common/hardware_timer/timer.c.obj
LOAD CMakeFiles/motor.dir/home/kurt/pico/pico-sdk/src/common/pico_util/datetime.c.obj
LOAD CMakeFiles/motor.dir/home/kurt/pico/pico-sdk/src/common/pico_util/pheap.c.obj
LOAD CMakeFiles/motor.dir/home/kurt/pico/pico-sdk/src/common/pico_util/queue.c.obj
LOAD CMakeFiles/motor.dir/home/kurt/pico/pico-sdk/src/rp2_common/hardware_uart/uart.c.obj
LOAD CMakeFiles/motor.dir/home/kurt/pico/pico-sdk/src/rp2_common/hardware_clocks/clocks.c.obj
LOAD CMakeFiles/motor.dir/home/kurt/pico/pico-sdk/src/rp2_common/hardware_pll/pll.c.obj
LOAD CMakeFiles/motor.dir/home/kurt/pico/pico-sdk/src/rp2_common/hardware_vreg/vreg.c.obj
LOAD CMakeFiles/motor.dir/home/kurt/pico/pico-sdk/src/rp2_common/hardware_watchdog/watchdog.c.obj
LOAD CMakeFiles/motor.dir/home/kurt/pico/pico-sdk/src/rp2_common/hardware_xosc/xosc.c.obj
LOAD CMakeFiles/motor.dir/home/kurt/pico/pico-sdk/src/rp2_common/hardware_divider/divider.S.obj
LOAD CMakeFiles/motor.dir/home/kurt/pico/pico-sdk/src/rp2_common/pico_runtime/runtime.c.obj
LOAD CMakeFiles/motor.dir/home/kurt/pico/pico-sdk/src/rp2_common/pico_printf/printf.c.obj
LOAD CMakeFiles/motor.dir/home/kurt/pico/pico-sdk/src/rp2_common/pico_bit_ops/bit_ops_aeabi.S.obj
LOAD CMakeFiles/motor.dir/home/kurt/pico/pico-sdk/src/rp2_common/pico_bootrom/bootrom.c.obj
LOAD CMakeFiles/motor.dir/home/kurt/pico/pico-sdk/src/rp2_common/pico_divider/divider.S.obj
LOAD CMakeFiles/motor.dir/home/kurt/pico/pico-sdk/src/rp2_common/pico_double/double_aeabi.S.obj
LOAD CMakeFiles/motor.dir/home/kurt/pico/pico-sdk/src/rp2_common/pico_double/double_init_rom.c.obj
LOAD CMakeFiles/motor.dir/home/kurt/pico/pico-sdk/src/rp2_common/pico_double/double_math.c.obj
LOAD CMakeFiles/motor.dir/home/kurt/pico/pico-sdk/src/rp2_common/pico_double/double_v1_rom_shim.S.obj
LOAD CMakeFiles/motor.dir/home/kurt/pico/pico-sdk/src/rp2_common/pico_int64_ops/pico_int64_ops_aeabi.S.obj
LOAD CMakeFiles/motor.dir/home/kurt/pico/pico-sdk/src/rp2_common/pico_float/float_aeabi.S.obj
LOAD CMakeFiles/motor.dir/home/kurt/pico/pico-sdk/src/rp2_common/pico_float/float_init_rom.c.obj
LOAD CMakeFiles/motor.dir/home/kurt/pico/pico-sdk/src/rp2_common/pico_float/float_math.c.obj
LOAD CMakeFiles/motor.dir/home/kurt/pico/pico-sdk/src/rp2_common/pico_float/float_v1_rom_shim.S.obj
LOAD CMakeFiles/motor.dir/home/kurt/pico/pico-sdk/src/rp2_common/pico_malloc/pico_malloc.c.obj
LOAD CMakeFiles/motor.dir/home/kurt/pico/pico-sdk/src/rp2_common/pico_mem_ops/mem_ops_aeabi.S.obj
LOAD CMakeFiles/motor.dir/home/kurt/pico/pico-sdk/src/rp2_common/pico_standard_link/crt0.S.obj
LOAD CMakeFiles/motor.dir/home/kurt/pico/pico-sdk/src/rp2_common/pico_standard_link/new_delete.cpp.obj
LOAD CMakeFiles/motor.dir/home/kurt/pico/pico-sdk/src/rp2_common/pico_standard_link/binary_info.c.obj
LOAD CMakeFiles/motor.dir/home/kurt/pico/pico-sdk/src/rp2_common/pico_stdio/stdio.c.obj
LOAD CMakeFiles/motor.dir/home/kurt/pico/pico-sdk/src/rp2_common/pico_stdio_uart/stdio_uart.c.obj
LOAD CMakeFiles/motor.dir/home/kurt/pico/pico-sdk/src/rp2_common/pico_stdio_usb/reset_interface.c.obj
LOAD CMakeFiles/motor.dir/home/kurt/pico/pico-sdk/src/rp2_common/pico_stdio_usb/stdio_usb.c.obj
LOAD CMakeFiles/motor.dir/home/kurt/pico/pico-sdk/src/rp2_common/pico_stdio_usb/stdio_usb_descriptors.c.obj
LOAD CMakeFiles/motor.dir/home/kurt/pico/pico-sdk/src/rp2_common/pico_unique_id/unique_id.c.obj
LOAD CMakeFiles/motor.dir/home/kurt/pico/pico-sdk/src/rp2_common/hardware_flash/flash.c.obj
LOAD CMakeFiles/motor.dir/home/kurt/pico/pico-sdk/lib/tinyusb/src/portable/raspberrypi/rp2040/dcd_rp2040.c.obj
LOAD CMakeFiles/motor.dir/home/kurt/pico/pico-sdk/lib/tinyusb/src/portable/raspberrypi/rp2040/rp2040_usb.c.obj
LOAD CMakeFiles/motor.dir/home/kurt/pico/pico-sdk/lib/tinyusb/src/device/usbd.c.obj
LOAD CMakeFiles/motor.dir/home/kurt/pico/pico-sdk/lib/tinyusb/src/device/usbd_control.c.obj
LOAD CMakeFiles/motor.dir/home/kurt/pico/pico-sdk/lib/tinyusb/src/class/audio/audio_device.c.obj
LOAD CMakeFiles/motor.dir/home/kurt/pico/pico-sdk/lib/tinyusb/src/class/cdc/cdc_device.c.obj
LOAD CMakeFiles/motor.dir/home/kurt/pico/pico-sdk/lib/tinyusb/src/class/dfu/dfu_device.c.obj
LOAD CMakeFiles/motor.dir/home/kurt/pico/pico-sdk/lib/tinyusb/src/class/dfu/dfu_rt_device.c.obj
LOAD CMakeFiles/motor.dir/home/kurt/pico/pico-sdk/lib/tinyusb/src/class/hid/hid_device.c.obj
LOAD CMakeFiles/motor.dir/home/kurt/pico/pico-sdk/lib/tinyusb/src/class/midi/midi_device.c.obj
LOAD CMakeFiles/motor.dir/home/kurt/pico/pico-sdk/lib/tinyusb/src/class/msc/msc_device.c.obj
LOAD CMakeFiles/motor.dir/home/kurt/pico/pico-sdk/lib/tinyusb/src/class/net/ecm_rndis_device.c.obj
LOAD CMakeFiles/motor.dir/home/kurt/pico/pico-sdk/lib/tinyusb/src/class/net/ncm_device.c.obj
LOAD CMakeFiles/motor.dir/home/kurt/pico/pico-sdk/lib/tinyusb/src/class/usbtmc/usbtmc_device.c.obj
LOAD CMakeFiles/motor.dir/home/kurt/pico/pico-sdk/lib/tinyusb/src/class/vendor/vendor_device.c.obj
LOAD CMakeFiles/motor.dir/home/kurt/pico/pico-sdk/lib/tinyusb/src/class/video/video_device.c.obj
LOAD CMakeFiles/motor.dir/home/kurt/pico/pico-sdk/lib/tinyusb/src/tusb.c.obj
LOAD CMakeFiles/motor.dir/home/kurt/pico/pico-sdk/lib/tinyusb/src/common/tusb_fifo.c.obj
LOAD CMakeFiles/motor.dir/home/kurt/pico/pico-sdk/src/rp2_common/pico_fix/rp2040_usb_device_enumeration/rp2040_usb_device_enumeration.c.obj
LOAD /tmp/ccGguM6X.o
LOAD /usr/lib/gcc/arm-none-eabi/12.2.1/../../../arm-none-eabi/lib/thumb/v6-m/nofp/libstdc++.a
LOAD /usr/lib/gcc/arm-none-eabi/12.2.1/../../../arm-none-eabi/lib/thumb/v6-m/nofp/libm.a
START GROUP
LOAD /usr/lib/gcc/arm-none-eabi/12.2.1/thumb/v6-m/nofp/libgcc.a
LOAD /usr/lib/gcc/arm-none-eabi/12.2.1/../../../arm-none-eabi/lib/thumb/v6-m/nofp/libc.a
END GROUP
START GROUP
LOAD /usr/lib/gcc/arm-none-eabi/12.2.1/thumb/v6-m/nofp/libgcc.a
LOAD /usr/lib/gcc/arm-none-eabi/12.2.1/../../../arm-none-eabi/lib/thumb/v6-m/nofp/libc.a
LOAD /usr/lib/gcc/arm-none-eabi/12.2.1/../../../arm-none-eabi/lib/thumb/v6-m/nofp/libnosys.a
END GROUP
LOAD /usr/lib/gcc/arm-none-eabi/12.2.1/thumb/v6-m/nofp/crtend.o
LOAD /usr/lib/gcc/arm-none-eabi/12.2.1/thumb/v6-m/nofp/crtn.o
OUTPUT(motor.elf elf32-littlearm)
LOAD linker stubs

.ARM.attributes
                0x00000000       0x28
 .ARM.attributes
                0x00000000       0x1e /usr/lib/gcc/arm-none-eabi/12.2.1/thumb/v6-m/nofp/crti.o
 .ARM.attributes
                0x0000001e       0x2c /usr/lib/gcc/arm-none-eabi/12.2.1/thumb/v6-m/nofp/crtbegin.o
 .ARM.attributes
                0x0000004a       0x2c CMakeFiles/motor.dir/motor.c.obj
 .ARM.attributes
                0x00000076       0x2c CMakeFiles/motor.dir/home/kurt/pico/pico-sdk/src/rp2_common/hardware_gpio/gpio.c.obj
 .ARM.attributes
                0x000000a2       0x2c CMakeFiles/motor.dir/home/kurt/pico/pico-sdk/src/rp2_common/pico_platform/platform.c.obj
 .ARM.attributes
                0x000000ce       0x2c CMakeFiles/motor.dir/home/kurt/pico/pico-sdk/src/rp2_common/hardware_claim/claim.c.obj
 .ARM.attributes
                0x000000fa       0x2c CMakeFiles/motor.dir/home/kurt/pico/pico-sdk/src/rp2_common/hardware_sync/sync.c.obj
 .ARM.attributes
                0x00000126       0x2c CMakeFiles/motor.dir/home/kurt/pico/pico-sdk/src/rp2_common/hardware_irq/irq.c.obj
 .ARM.attributes
                0x00000152       0x22 CMakeFiles/motor.dir/home/kurt/pico/pico-sdk/src/rp2_common/hardware_irq/irq_handler_chain.S.obj
 .ARM.attributes
                0x00000174       0x2c CMakeFiles/motor.dir/home/kurt/pico/pico-sdk/src/common/pico_sync/lock_core.c.obj
 .ARM.attributes
                0x000001a0       0x2c CMakeFiles/motor.dir/home/kurt/pico/pico-sdk/src/common/pico_sync/mutex.c.obj
 .ARM.attributes
                0x000001cc       0x2c CMakeFiles/motor.dir/home/kurt/pico/pico-sdk/src/common/pico_sync/critical_section.c.obj
 .ARM.attributes
                0x000001f8       0x2c CMakeFiles/motor.dir/home/kurt/pico/pico-sdk/src/common/pico_time/time.c.obj
 .ARM.attributes
                0x00000224       0x2c CMakeFiles/motor.dir/home/kurt/pico/pico-sdk/src/rp2_common/hardware_timer/timer.c.obj
 .ARM.attributes
                0x00000250       0x2c CMakeFiles/motor.dir/home/kurt/pico/pico-sdk/src/common/pico_util/pheap.c.obj
 .ARM.attributes
                0x0000027c       0x2c CMakeFiles/motor.dir/home/kurt/pico/pico-sdk/src/rp2_common/hardware_uart/uart.c.obj
 .ARM.attributes
                0x000002a8       0x2c CMakeFiles/motor.dir/home/kurt/pico/pico-sdk/src/rp2_common/hardware_clocks/clocks.c.obj
 .ARM.attributes
                0x000002d4       0x2c CMakeFiles/motor.dir/home/kurt/pico/pico-sdk/src/rp2_common/hardware_pll/pll.c.obj
 .ARM.attributes
                0x00000300       0x2c CMakeFiles/motor.dir/home/kurt/pico/pico-sdk/src/rp2_common/hardware_watchdog/watchdog.c.obj
 .ARM.attributes
                0x0000032c       0x2c CMakeFiles/motor.dir/home/kurt/pico/pico-sdk/src/rp2_common/hardware_xosc/xosc.c.obj
 .ARM.attributes
                0x00000358       0x2c CMakeFiles/motor.dir/home/kurt/pico/pico-sdk/src/rp2_common/pico_runtime/runtime.c.obj
 .ARM.attributes
                0x00000384       0x2c CMakeFiles/motor.dir/home/kurt/pico/pico-sdk/src/rp2_common/pico_printf/printf.c.obj
 .ARM.attributes
                0x000003b0       0x22 CMakeFiles/motor.dir/home/kurt/pico/pico-sdk/src/rp2_common/pico_bit_ops/bit_ops_aeabi.S.obj
 .ARM.attributes
                0x000003d2       0x2c CMakeFiles/motor.dir/home/kurt/pico/pico-sdk/src/rp2_common/pico_bootrom/bootrom.c.obj
 .ARM.attributes
                0x000003fe       0x22 CMakeFiles/motor.dir/home/kurt/pico/pico-sdk/src/rp2_common/pico_divider/divider.S.obj
 .ARM.attributes
                0x00000420       0x22 CMakeFiles/motor.dir/home/kurt/pico/pico-sdk/src/rp2_common/pico_double/double_aeabi.S.obj
 .ARM.attributes
                0x00000442       0x2c CMakeFiles/motor.dir/home/kurt/pico/pico-sdk/src/rp2_common/pico_double/double_init_rom.c.obj
 .ARM.attributes
                0x0000046e       0x22 CMakeFiles/motor.dir/home/kurt/pico/pico-sdk/src/rp2_common/pico_double/double_v1_rom_shim.S.obj
 .ARM.attributes
                0x00000490       0x22 CMakeFiles/motor.dir/home/kurt/pico/pico-sdk/src/rp2_common/pico_int64_ops/pico_int64_ops_aeabi.S.obj
 .ARM.attributes
                0x000004b2       0x22 CMakeFiles/motor.dir/home/kurt/pico/pico-sdk/src/rp2_common/pico_float/float_aeabi.S.obj
 .ARM.attributes
                0x000004d4       0x2c CMakeFiles/motor.dir/home/kurt/pico/pico-sdk/src/rp2_common/pico_float/float_init_rom.c.obj
 .ARM.attributes
                0x00000500       0x22 CMakeFiles/motor.dir/home/kurt/pico/pico-sdk/src/rp2_common/pico_float/float_v1_rom_shim.S.obj
 .ARM.attributes
                0x00000522       0x22 CMakeFiles/motor.dir/home/kurt/pico/pico-sdk/src/rp2_common/pico_mem_ops/mem_ops_aeabi.S.obj
 .ARM.attributes
                0x00000544       0x22 CMakeFiles/motor.dir/home/kurt/pico/pico-sdk/src/rp2_common/pico_standard_link/crt0.S.obj
 .ARM.attributes
                0x00000566       0x2c CMakeFiles/motor.dir/home/kurt/pico/pico-sdk/src/rp2_common/pico_standard_link/binary_info.c.obj
 .ARM.attributes
                0x00000592       0x2c CMakeFiles/motor.dir/home/kurt/pico/pico-sdk/src/rp2_common/pico_stdio/stdio.c.obj
 .ARM.attributes
                0x000005be       0x2c CMakeFiles/motor.dir/home/kurt/pico/pico-sdk/src/rp2_common/pico_stdio_uart/stdio_uart.c.obj
 .ARM.attributes
                0x000005ea       0x2c CMakeFiles/motor.dir/home/kurt/pico/pico-sdk/src/rp2_common/pico_stdio_usb/reset_interface.c.obj
 .ARM.attributes
                0x00000616       0x2c CMakeFiles/motor.dir/home/kurt/pico/pico-sdk/src/rp2_common/pico_stdio_usb/stdio_usb.c.obj
 .ARM.attributes
                0x00000642       0x2c CMakeFiles/motor.dir/home/kurt/pico/pico-sdk/src/rp2_common/pico_stdio_usb/stdio_usb_descriptors.c.obj
 .ARM.attributes
                0x0000066e       0x2c CMakeFiles/motor.dir/home/kurt/pico/pico-sdk/src/rp2_common/pico_unique_id/unique_id.c.obj
 .ARM.attributes
                0x0000069a       0x2c CMakeFiles/motor.dir/home/kurt/pico/pico-sdk/src/rp2_common/hardware_flash/flash.c.obj
 .ARM.attributes
                0x000006c6       0x2c CMakeFiles/motor.dir/home/kurt/pico/pico-sdk/lib/tinyusb/src/portable/raspberrypi/rp2040/dcd_rp2040.c.obj
 .ARM.attributes
                0x000006f2       0x2c CMakeFiles/motor.dir/home/kurt/pico/pico-sdk/lib/tinyusb/src/portable/raspberrypi/rp2040/rp2040_usb.c.obj
 .ARM.attributes
                0x0000071e       0x2c CMakeFiles/motor.dir/home/kurt/pico/pico-sdk/lib/tinyusb/src/device/usbd.c.obj
 .ARM.attributes
                0x0000074a       0x2c CMakeFiles/motor.dir/home/kurt/pico/pico-sdk/lib/tinyusb/src/device/usbd_control.c.obj
 .ARM.attributes
                0x00000776       0x2c CMakeFiles/motor.dir/home/kurt/pico/pico-sdk/lib/tinyusb/src/class/cdc/cdc_device.c.obj
 .ARM.attributes
                0x000007a2       0x2c CMakeFiles/motor.dir/home/kurt/pico/pico-sdk/lib/tinyusb/src/tusb.c.obj
 .ARM.attributes
                0x000007ce       0x2c CMakeFiles/motor.dir/home/kurt/pico/pico-sdk/lib/tinyusb/src/common/tusb_fifo.c.obj
 .ARM.attributes
                0x000007fa       0x22 /tmp/ccGguM6X.o
 .ARM.attributes
                0x0000081c       0x1e /usr/lib/gcc/arm-none-eabi/12.2.1/thumb/v6-m/nofp/libgcc.a(_dvmd_tls.o)
 .ARM.attributes
                0x0000083a       0x2c /usr/lib/gcc/arm-none-eabi/12.2.1/../../../arm-none-eabi/lib/thumb/v6-m/nofp/libc.a(lib_a-strlen-stub.o)
 .ARM.attributes
                0x00000866       0x2c /usr/lib/gcc/arm-none-eabi/12.2.1/thumb/v6-m/nofp/crtend.o

.comment        0x00000000       0x59
 .comment       0x00000000       0x26 /usr/lib/gcc/arm-none-eabi/12.2.1/thumb/v6-m/nofp/crtbegin.o
                                 0x27 (size before relaxing)
 .comment       0x00000026       0x27 CMakeFiles/motor.dir/motor.c.obj
 .comment       0x00000026       0x27 CMakeFiles/motor.dir/home/kurt/pico/pico-sdk/src/rp2_common/hardware_gpio/gpio.c.obj
 .comment       0x00000026       0x27 CMakeFiles/motor.dir/home/kurt/pico/pico-sdk/src/rp2_common/pico_platform/platform.c.obj
 .comment       0x00000026       0x27 CMakeFiles/motor.dir/home/kurt/pico/pico-sdk/src/rp2_common/hardware_claim/claim.c.obj
 .comment       0x00000026       0x27 CMakeFiles/motor.dir/home/kurt/pico/pico-sdk/src/rp2_common/hardware_sync/sync.c.obj
 .comment       0x00000026       0x27 CMakeFiles/motor.dir/home/kurt/pico/pico-sdk/src/rp2_common/hardware_irq/irq.c.obj
 .comment       0x00000026       0x27 CMakeFiles/motor.dir/home/kurt/pico/pico-sdk/src/common/pico_sync/lock_core.c.obj
 .comment       0x00000026       0x27 CMakeFiles/motor.dir/home/kurt/pico/pico-sdk/src/common/pico_sync/mutex.c.obj
 .comment       0x00000026       0x27 CMakeFiles/motor.dir/home/kurt/pico/pico-sdk/src/common/pico_sync/critical_section.c.obj
 .comment       0x00000026       0x27 CMakeFiles/motor.dir/home/kurt/pico/pico-sdk/src/common/pico_time/time.c.obj
 .comment       0x00000026       0x27 CMakeFiles/motor.dir/home/kurt/pico/pico-sdk/src/rp2_common/hardware_timer/timer.c.obj
 .comment       0x00000026       0x27 CMakeFiles/motor.dir/home/kurt/pico/pico-sdk/src/common/pico_util/pheap.c.obj
 .comment       0x00000026       0x27 CMakeFiles/motor.dir/home/kurt/pico/pico-sdk/src/rp2_common/hardware_uart/uart.c.obj
 .comment       0x00000026       0x27 CMakeFiles/motor.dir/home/kurt/pico/pico-sdk/src/rp2_common/hardware_clocks/clocks.c.obj
 .comment       0x00000026       0x27 CMakeFiles/motor.dir/home/kurt/pico/pico-sdk/src/rp2_common/hardware_pll/pll.c.obj
 .comment       0x00000026       0x27 CMakeFiles/motor.dir/home/kurt/pico/pico-sdk/src/rp2_common/hardware_watchdog/watchdog.c.obj
 .comment       0x00000026       0x27 CMakeFiles/motor.dir/home/kurt/pico/pico-sdk/src/rp2_common/hardware_xosc/xosc.c.obj
 .comment       0x00000026       0x27 CMakeFiles/motor.dir/home/kurt/pico/pico-sdk/src/rp2_common/pico_runtime/runtime.c.obj
 .comment       0x00000026       0x27 CMakeFiles/motor.dir/home/kurt/pico/pico-sdk/src/rp2_common/pico_printf/printf.c.obj
 .comment       0x00000026       0x27 CMakeFiles/motor.dir/home/kurt/pico/pico-sdk/src/rp2_common/pico_bootrom/bootrom.c.obj
 .comment       0x00000026       0x27 CMakeFiles/motor.dir/home/kurt/pico/pico-sdk/src/rp2_common/pico_double/double_init_rom.c.obj
 .comment       0x00000026       0x27 CMakeFiles/motor.dir/home/kurt/pico/pico-sdk/src/rp2_common/pico_float/float_init_rom.c.obj
 .comment       0x00000026       0x27 CMakeFiles/motor.dir/home/kurt/pico/pico-sdk/src/rp2_common/pico_standard_link/binary_info.c.obj
 .comment       0x00000026       0x27 CMakeFiles/motor.dir/home/kurt/pico/pico-sdk/src/rp2_common/pico_stdio/stdio.c.obj
 .comment       0x00000026       0x27 CMakeFiles/motor.dir/home/kurt/pico/pico-sdk/src/rp2_common/pico_stdio_uart/stdio_uart.c.obj
 .comment       0x00000026       0x27 CMakeFiles/motor.dir/home/kurt/pico/pico-sdk/src/rp2_common/pico_stdio_usb/reset_interface.c.obj
 .comment       0x00000026       0x27 CMakeFiles/motor.dir/home/kurt/pico/pico-sdk/src/rp2_common/pico_stdio_usb/stdio_usb.c.obj
 .comment       0x00000026       0x27 CMakeFiles/motor.dir/home/kurt/pico/pico-sdk/src/rp2_common/pico_stdio_usb/stdio_usb_descriptors.c.obj
 .comment       0x00000026       0x27 CMakeFiles/motor.dir/home/kurt/pico/pico-sdk/src/rp2_common/pico_unique_id/unique_id.c.obj
 .comment       0x00000026       0x27 CMakeFiles/motor.dir/home/kurt/pico/pico-sdk/src/rp2_common/hardware_flash/flash.c.obj
 .comment       0x00000026       0x27 CMakeFiles/motor.dir/home/kurt/pico/pico-sdk/lib/tinyusb/src/portable/raspberrypi/rp2040/dcd_rp2040.c.obj
 .comment       0x00000026       0x27 CMakeFiles/motor.dir/home/kurt/pico/pico-sdk/lib/tinyusb/src/portable/raspberrypi/rp2040/rp2040_usb.c.obj
 .comment       0x00000026       0x27 CMakeFiles/motor.dir/home/kurt/pico/pico-sdk/lib/tinyusb/src/device/usbd.c.obj
 .comment       0x00000026       0x27 CMakeFiles/motor.dir/home/kurt/pico/pico-sdk/lib/tinyusb/src/device/usbd_control.c.obj
 .comment       0x00000026       0x27 CMakeFiles/motor.dir/home/kurt/pico/pico-sdk/lib/tinyusb/src/class/cdc/cdc_device.c.obj
 .comment       0x00000026       0x27 CMakeFiles/motor.dir/home/kurt/pico/pico-sdk/lib/tinyusb/src/tusb.c.obj
 .comment       0x00000026       0x27 CMakeFiles/motor.dir/home/kurt/pico/pico-sdk/lib/tinyusb/src/common/tusb_fifo.c.obj
 .comment       0x00000026       0x33 /usr/lib/gcc/arm-none-eabi/12.2.1/../../../arm-none-eabi/lib/thumb/v6-m/nofp/libc.a(lib_a-strlen-stub.o)
                                 0x34 (size before relaxing)
 .comment       0x00000059       0x27 /usr/lib/gcc/arm-none-eabi/12.2.1/thumb/v6-m/nofp/crtend.o

.debug_line     0x00000000      0x1bc
 .debug_line    0x00000000       0x4a /usr/lib/gcc/arm-none-eabi/12.2.1/thumb/v6-m/nofp/libgcc.a(_dvmd_tls.o)
 .debug_line    0x0000004a      0x172 /usr/lib/gcc/arm-none-eabi/12.2.1/../../../arm-none-eabi/lib/thumb/v6-m/nofp/libc.a(lib_a-strlen-stub.o)

.debug_line_str
                0x00000000       0x97
 .debug_line_str
                0x00000000       0x97 /usr/lib/gcc/arm-none-eabi/12.2.1/thumb/v6-m/nofp/libgcc.a(_dvmd_tls.o)

.debug_info     0x00000000      0x127
 .debug_info    0x00000000       0x39 /usr/lib/gcc/arm-none-eabi/12.2.1/thumb/v6-m/nofp/libgcc.a(_dvmd_tls.o)
 .debug_info    0x00000039       0xee /usr/lib/gcc/arm-none-eabi/12.2.1/../../../arm-none-eabi/lib/thumb/v6-m/nofp/libc.a(lib_a-strlen-stub.o)

.debug_abbrev   0x00000000       0xae
 .debug_abbrev  0x00000000       0x1f /usr/lib/gcc/arm-none-eabi/12.2.1/thumb/v6-m/nofp/libgcc.a(_dvmd_tls.o)
 .debug_abbrev  0x0000001f       0x8f /usr/lib/gcc/arm-none-eabi/12.2.1/../../../arm-none-eabi/lib/thumb/v6-m/nofp/libc.a(lib_a-strlen-stub.o)

.debug_aranges  0x00000000       0x40
 .debug_aranges
                0x00000000       0x20 /usr/lib/gcc/arm-none-eabi/12.2.1/thumb/v6-m/nofp/libgcc.a(_dvmd_tls.o)
 .debug_aranges
                0x00000020       0x20 /usr/lib/gcc/arm-none-eabi/12.2.1/../../../arm-none-eabi/lib/thumb/v6-m/nofp/libc.a(lib_a-strlen-stub.o)

.debug_str      0x00000000      0x24b
 .debug_str     0x00000000       0xbf /usr/lib/gcc/arm-none-eabi/12.2.1/thumb/v6-m/nofp/libgcc.a(_dvmd_tls.o)
 .debug_str     0x000000bf      0x18c /usr/lib/gcc/arm-none-eabi/12.2.1/../../../arm-none-eabi/lib/thumb/v6-m/nofp/libc.a(lib_a-strlen-stub.o)
                                0x1c5 (size before relaxing)

.debug_loc      0x00000000       0x90
 .debug_loc     0x00000000       0x90 /usr/lib/gcc/arm-none-eabi/12.2.1/../../../arm-none-eabi/lib/thumb/v6-m/nofp/libc.a(lib_a-strlen-stub.o)

.debug_frame    0x00000000       0x28
 .debug_frame   0x00000000       0x28 /usr/lib/gcc/arm-none-eabi/12.2.1/../../../arm-none-eabi/lib/thumb/v6-m/nofp/libc.a(lib_a-strlen-stub.o)
